Microsoft Windows [Version 10.0.19045.6456]
(c) Microsoft Corporation. Alle Rechte vorbehalten.

C:\Users\ben.sowieja\source\repos\Tr1sma\BookLoggerApp>adb logcat -c
Der Befehl "adb" ist entweder falsch geschrieben oder
konnte nicht gefunden werden.

C:\Users\ben.sowieja\source\repos\Tr1sma\BookLoggerApp>powershell adb logcat -c
adb : Die Benennung "adb" wurde nicht als Name eines Cmdlet, einer Funktion, einer Skriptdatei oder eines ausführbaren
Programms erkannt. Überprüfen Sie die Schreibweise des Namens, oder ob der Pfad korrekt ist (sofern enthalten), und
wiederholen Sie den Vorgang.
In Zeile:1 Zeichen:1
+ adb logcat -c
+ ~~~
    + CategoryInfo          : ObjectNotFound: (adb:String) [], CommandNotFoundException
    + FullyQualifiedErrorId : CommandNotFoundException


C:\Users\ben.sowieja\source\repos\Tr1sma\BookLoggerApp>C:\platform-tools\adb.exe logcat -c

C:\Users\ben.sowieja\source\repos\Tr1sma\BookLoggerApp>C:\platform-tools\adb.exe logcat *:E AndroidRuntime:E
--------- beginning of main
04-22 12:57:30.270 23184 23321 E msys    : E[N mns:DGWClient]_OnDiskCacheGetData(1175)=>Start post callback cache refresh DNS resolution
04-22 12:57:30.282 23184 23321 E msys    : E[N mns:DGWClient]_LogError(295)=>Failed to resolve using system DNS resolver, getaddrinfo(): No address associated with hostname
04-22 12:57:30.283 23184 23321 E msys    : E[N mns:DGWClient]_OnDiskCacheGetData(1175)=>Start post callback cache refresh DNS resolution
04-22 12:57:30.283 23184 23321 E msys    : E[N mns:DGWClient]_OnDiskCacheGetData(1175)=>Start post callback cache refresh DNS resolution
04-22 12:57:30.285 23184 23321 E msys    : E[N mns:DGWClient]_LogError(295)=>Failed to resolve using system DNS resolver, getaddrinfo(): No address associated with hostname
04-22 12:57:30.291 23184 23321 E msys    : E[N mns:DGWClient]_LogError(295)=>Failed to resolve using system DNS resolver, getaddrinfo(): No address associated with hostname
04-22 12:57:33.983  2070  8484 E TetherController: property_get sys.radio.data.modem_share_flag return 0, 1!
04-22 12:57:37.493 23184 23321 E msys    : E[N mns:DGWClient]_OnDiskCacheGetData(1175)=>Start post callback cache refresh DNS resolution
04-22 12:57:37.505 23184 23321 E msys    : E[N mns:DGWClient]_LogError(295)=>Failed to resolve using system DNS resolver, getaddrinfo(): No address associated with hostname
04-22 12:57:37.506 23184 23321 E msys    : E[N mns:DGWClient]_OnDiskCacheGetData(1175)=>Start post callback cache refresh DNS resolution
04-22 12:57:37.509 23184 23321 E msys    : E[N mns:DGWClient]_LogError(295)=>Failed to resolve using system DNS resolver, getaddrinfo(): No address associated with hostname
04-22 12:57:37.592 23184 23321 E msys    : E[N mns:DGWClient]_OnDiskCacheGetData(1175)=>Start post callback cache refresh DNS resolution
04-22 12:57:37.604 23184 23321 E msys    : E[N mns:DGWClient]_LogError(295)=>Failed to resolve using system DNS resolver, getaddrinfo(): No address associated with hostname
04-22 12:57:40.039  2215 28392 E sensors-hal: handle_sns_std_sensor_event:58, Oplus Pick_up_motion : report_ts = 13; value = [0.000000], ts=1423196526019
04-22 12:57:40.068  2279  2430 E PERFHAL-BOOSTCONFIG: PERFHAL-BOOSTCONFIG: GetBoostConfig() 1872: Not able to fetch object
04-22 12:57:40.069  2279  2378 E PERFHAL-OPTSHANDLER: PERFHAL-OPTSHANDLER: unsupported() 942: Error: This resource is not supported
04-22 12:57:40.069  2279  2378 E PERFHAL-RESOURCEQS: PERFHAL-RESOURCEQS: RemoveAndApply() 292: Failed to reset optimization here [18, 0]
04-22 12:57:40.080  3796  3796 E OplusGestureAnimationManagerPolicy: mScreenHeight:2772 mScreenWidth:1272 mRotation:0
04-22 12:57:40.090  3796  5635 E SensorService: Required app com.oplus.systemui.aod.sensor.backlight.OplusAODLightController$aodLuxSensorEventListener$1, uid 10266, pid 5426
--------- beginning of system
04-22 12:57:40.180  3796  4962 E Orms_ManagerInner: cannot connect to orms core service!
04-22 12:57:40.181  3796  4962 E DpcExtImpl[display=0]: execuce mBlockReasonList.add reason: android.service.fingerprint:WAKEUP
04-22 12:57:40.181  3796  4962 E OplusCustomizeRestrictionManagerService: isBiometricDisabled start
04-22 12:57:40.190  3394  3629 E SmcInvoke_MinkDescriptor: Invalid handle 17
04-22 12:57:40.190  3796  4263 E SensorService: Required app com.android.server.display.feature.ambience.events.delegate.SensorDelegate, uid 1000, pid 3796
04-22 12:57:40.208  3796  4263 E SensorService: Required app com.android.server.display.feature.ambience.events.delegate.SensorDelegate, uid 1000, pid 3796
04-22 12:57:40.210  2215  4933 E sensors-hal: handle_sns_client_event:59, oplus_shaking: report_ts=2147483647, state=0.000000, ts=1423367989404
04-22 12:57:40.215  2252  2306 E libsensorbridge: oppo_debug:ASensorEventQueue::onEvent
04-22 12:57:40.215  2252  4644 E libsensorbridge: oppo_debug:ASensorEventQueue::getEvents() returned 1 events.
04-22 12:57:40.217  3796  5247 E SensorService: Required app com.oplus.systemui.preventmode.ProximitySensorEventListener, uid 10266, pid 5426
04-22 12:57:40.220  9339 22273 E UMS.CommonUtils: Failed to get meta data for health.fluid.export in com.heytap.health.international
04-22 12:57:40.222  9339 26873 E SG::IntentProviderHelper: getPendingIntentFromIntentData succeed: null
04-22 12:57:40.228  1201  1247 E QC-time-services: Receive Passed == base = 13, unit = 1, operation = 2, result = 0
04-22 12:57:40.228  2009  2031 E QC-time-services: Daemon: Time-services: Waiting to acceptconnection
04-22 12:57:40.228  2009  2031 E QC-time-services: Daemon: Time-services: Waiting to acceptconnection
04-22 12:57:40.234  2215 29538 E sensors-hal: handle_sns_client_event:71, oplus lux_aod: report_ts=11, state=1.000000, ts=1423393429508
04-22 12:57:40.243  3796  4191 E ColorTouchNodeManagerService: IOplusTouch touchWriteNodeFile failed, dId:0
04-22 12:57:40.243  3796  4191 E ColorTouchNodeManagerService: IOplusTouch touchWriteNodeFile failed, dId:0
04-22 12:57:40.258  3394  3629 E SmcInvoke_MinkDescriptor: mem obj with id :17 not found in list
04-22 12:57:40.262  3394  3629 E SmcInvoke_MinkDescriptor: Invalid handle 17
04-22 12:57:40.266  3394  3629 E SmcInvoke_MinkDescriptor: Invalid handle 17
04-22 12:57:40.268  3796 29564 E StorageManagerService: unlockSensitiveKey fail!
04-22 12:57:40.268  3796  4174 E SensorService: Required app com.android.server.biometrics.log.ALSProbe, uid 1000, pid 3796
04-22 12:57:40.271  3796  4962 E Biometrics_DEBUG: execute mBlockReasonList.clear
04-22 12:57:40.274  2279  2430 E PERFHAL-CONFIG: PERFHAL-CONFIG: GetConfig() 508: Config TFPS undefined for this target
04-22 12:57:40.275  2279  2430 E PERFHAL-LLLITE: PERFHAL-LLLITE: CheckOngoingLaunchScenario() 199: mBoostedPkgName is empty!
04-22 12:57:40.275  2279  2469 E PERF_APPCLASSIFIER: PERF_APPCLASSIFIER: getData() 195: DBQuery failed for appName:com.android.launcher
04-22 12:57:40.276  2279  2469 E PERF_APPCLASSIFIER: PERF_APPCLASSIFIER: getData() 195: DBQuery failed for appName:com.android.launcher
04-22 12:57:40.276  2279  2279 E PERF_APPCLASSIFIER: PERF_APPCLASSIFIER: getData() 195: DBQuery failed for appName:com.android.launcher
04-22 12:57:40.276  2279  2279 E PERF_APPCLASSIFIER: PERF_APPCLASSIFIER: getData() 195: DBQuery failed for appName:com.android.launcher
04-22 12:57:40.293  3394  3628 E SmcInvoke_MinkDescriptor: Invalid handle 17
04-22 12:57:40.298  3394  3628 E SmcInvoke_MinkDescriptor: Invalid handle 17
04-22 12:57:40.303  3394  3628 E SmcInvoke_MinkDescriptor: Invalid handle 17
04-22 12:57:40.308  5824  5824 E IJankManager: latencySceneEnd unknown scene 8 mScene:-1
04-22 12:57:40.309  5824  5824 E [OPLUS_AFS_CONFIG]: Failed to open AFS config file: /proc/oplus_afs_config/afs_config
04-22 12:57:40.309  5824  5824 E AFS_CONFIG: Failed to get scene config
04-22 12:57:40.309  5824  5824 E OplusAfsManager: afsConfigSceneConfigGet sceneType is null
04-22 12:57:40.309  3394  3628 E SmcInvoke_MinkDescriptor: Invalid handle 17
04-22 12:57:40.314 22483 22501 E WeatherS_PrivacyStatementExport: isSupportExportPrivacyVersion metaData -> true
04-22 12:57:40.314 22483 22501 E WeatherS_PrivacyStatementExport: isAgreed1
04-22 12:57:40.315 22483 22501 E WeatherS_WeatherCommonServiceProxy: getLocationCityInfo
04-22 12:57:40.315 22483 22501 E WeatherS_WeatherCommonServiceProxy: getTimeZoneOfAttendCity
04-22 12:57:40.315 22483 22501 E WeatherS_WeatherCommonServiceProxy: getOneAttentCityWeatherInfoList
04-22 12:57:40.316 22483 22501 E WeatherS_WeatherCommonServiceProxy: getLocationCityAndUpdate  needUpdateWeatherInfo = true, isCallFromWeatherApp = false
04-22 12:57:40.316 22483 22501 E WeatherS_LocalUtils: startAutoGetLocalCity bg location permission:true
04-22 12:57:40.317 22483 22501 E WeatherS_LocalUtils: startGetLocalCityByWeather startService error, call startForegroundService
04-22 12:57:40.322  3796  4166 E OplusAppQuickStart_AppQuickStartController: not start from launcher transition:21
04-22 12:57:40.323 22483 29582 E WeatherS_PrivacyStatementExport: isSupportExportPrivacyVersion metaData -> true
04-22 12:57:40.323 22483 29582 E WeatherS_PrivacyStatementExport: isAgreed1
04-22 12:57:40.323 22483 29582 E WeatherS_PrivacyStatementExport: isSupportExportPrivacyVersion metaData -> true
04-22 12:57:40.323 22483 29582 E WeatherS_PrivacyStatementExport: isAgreed1
04-22 12:57:40.325  3796  4166 E FlexibleWindowManagerService: notifyTaskObserverToAttachController not need to notify!
04-22 12:57:40.330  5824  5824 E [OPLUS_AFS_CONFIG]: Failed to open AFS config file: /proc/oplus_afs_config/afs_config
04-22 12:57:40.330  5824  5824 E AFS_CONFIG: Failed to get scene config
04-22 12:57:40.330  5824  5824 E OplusAfsManager: afsConfigSceneConfigGet sceneType is null
04-22 12:57:40.333  5824  5824 E [OPLUS_AFS_CONFIG]: Failed to open AFS config file: /proc/oplus_afs_config/afs_config
04-22 12:57:40.333  5824  5824 E AFS_CONFIG: Failed to get scene config
04-22 12:57:40.333  5824  5824 E OplusAfsManager: afsConfigSceneConfigGet sceneType is null
04-22 12:57:40.334  5824 29587 E DynamicFramerate [DynamicFrameRateManagerImpl]: setFrameRateInterNalForNoContext: TIMING_DO_NO_CONTEXT_ANIMATION transaction = null, need apply actively
04-22 12:57:40.334  5824 29587 E DynamicFramerate [DynamicFrameRateManagerImpl]: setFrameRateInterNalForNoContext: TIMING_DO_NO_CONTEXT_ANIMATION request is = FrameRateRequest: {  mUniqueID = 186285305, mVelocity = -1, mPreviousFrameRate = 0, mBindWithSC = true, mSc = null, mTransaction = android.view.SurfaceControl$Transaction@df1443e, Type = 20202 } , frameRate 120
04-22 12:57:40.337  2268  5368 E pfaca_Cache: getLutArrayPointer: load 1nits
04-22 12:57:40.337  2268  5368 E pfaca_BE: fillGamutInfo: is using the 1NIT LUT
04-22 12:57:40.338  2279  2378 E PERFHAL-RESOURCEQS: PERFHAL-RESOURCEQS: AddAndApply() 130: Resource with major=18, minor=0 not supported
04-22 12:57:40.339  2268  2556 E SDM     : DRMConnector::Perform: Connector 70: Setting Qsync min fps 8388856
04-22 12:57:40.339  2268  2556 E SDM     : DRMConnector::Perform: Connector Setting HBM_EN 70: hbm_en 4,prop_id=85
04-22 12:57:40.339  6045  6262 E ScreenCapture: Failed to generate screen capture. Error code: -12
04-22 12:57:40.339  6045  6262 E Blur_ScreenCapture: [captureScreenInternal] exceeds fail times limit=1
04-22 12:57:40.340  6045  6262 E ScreenCapture: Failed to generate screen capture. Error code: -22
04-22 12:57:40.341  5824  5824 E IJankManager: latencySceneEnd unknown scene 8 mScene:14
04-22 12:57:40.341  5824  5824 E [OPLUS_AFS_CONFIG]: Failed to open AFS config file: /proc/oplus_afs_config/afs_config
04-22 12:57:40.341  5824  5824 E AFS_CONFIG: Failed to get scene config
04-22 12:57:40.341  5824  5824 E OplusAfsManager: afsConfigSceneConfigGet sceneType is null
04-22 12:57:40.342  2268  2556 E SDM     : DRMConnector::Perform: Connector 70: Setting Qsync min fps 8388856
04-22 12:57:40.345  2341  2365 E DisplayPanelInterface: SetDisplayPanelAod dp_values[0] = 0
04-22 12:57:40.346  3796  4163 E SensorService: Required app com.android.server.wm.WindowOrientationListener, uid 1000, pid 3796
04-22 12:57:40.348  3796  4724 E AppOps  : attributionTag OplusLBS not declared in manifest of android
04-22 12:57:40.356  3796  3796 E OplusGestureAnimationManagerPolicy: mScreenHeight:2772 mScreenWidth:1272 mRotation:0
04-22 12:57:40.357  5426  5426 E SystemUi--Keyguard: OplusKeyguardUpdateMonitorExImpl-->OlockStateUtil.safeModeEnable = false
04-22 12:57:40.358  3796  4893 E VibratorController: Vibrator HAL setAmplitude failed:
04-22 12:57:40.360  5426  5426 E LockScreenNotificationDispatcherImp: updateNotificationListOnKg size:1
04-22 12:57:40.371  2805  2901 E QmiVsClient: sendAsyncRequest QMI_VS_SET_SYNC_WITH_AP_REQ_MSG_V01 ret 0
04-22 12:57:40.379  5606  6489 E AMC     : [P-ooslimited_deep/0] execute failed in triggers[0]:[nwsrcht:0][nwsrcht:0]
04-22 12:57:40.379  5606  6489 E AMC     : [P-ooslimited_deep/1] execute failed in triggers[0]:[nwsrcht:0][nwsrcht:0]
04-22 12:57:40.379  5606  6489 E AMC     : [P-idle_cs_ps_change/0] execute failed in triggers[0]:[cschgc:0][cschgc:0, pschgc:0]
04-22 12:57:40.379  5606  6489 E AMC     : [P-idle_cs_ps_change/0] execute failed mult in triggers!
04-22 12:57:40.379  5606  6489 E AMC     : [P-idle_cs_ps_change/1] execute failed in triggers[0]:[cschgc:0][cschgc:0, pschgc:0]
04-22 12:57:40.379  5606  6489 E AMC     : [P-idle_cs_ps_change/1] execute failed in triggers[1]:[cschgc:0][psnoregt:0, csnoregt:0]
04-22 12:57:40.379  5606  6489 E AMC     : [P-idle_cs_ps_change/1] execute failed mult in triggers!
04-22 12:57:40.379  5606  6489 E AMC     : [sleept] failed to match threshold due to invalid du:1800000 value du:1393000 gap:0
04-22 12:57:40.379  5606  6489 E AMC     : [P-mpss_reset/0] execute failed in triggers[0]:[sleept:26][sleept:619]
04-22 12:57:40.379  5606  6489 E AMC     : [sleept] failed to match threshold due to invalid du:1800000 value du:1393000 gap:0
04-22 12:57:40.379  5606  6489 E AMC     : [P-mpss_reset/1] execute failed in triggers[0]:[sleept:26][sleept:619]
04-22 12:57:40.379  5606  6489 E AMC     : [sleept] failed to match threshold due to invalid du:1800000 value du:1393000 gap:0
04-22 12:57:40.379  5606  6489 E AMC     : [P-pidnetdisable_recovery] execute failed in triggers[0]:[sleept:26][sleept:619, pidnetdisable:null]
04-22 12:57:40.380  5606  6489 E AMC     : [P-standby_5gbackoff/0] failed to execute check triggers, non active subId!
04-22 12:57:40.382  5606  6489 E AMC     : [P-standby_5gbackoff/1] execute failed check triggers[0]:[sleept:26][inactive:null, charge:true]
04-22 12:57:40.382  5606  6489 E AMC     : [P-qc_oos_qrxlv/0] failed to execute check triggers, non active subId!
04-22 12:57:40.382  5606  6489 E AMC     : [P-qc_oos_qrxlv/1] execute failed check triggers[0]:[sleept:26][deepsleep:false, csnoregt:0]
04-22 12:57:40.382  5606  6489 E AMC     : [P-idle_cs_ps_change/0] execute failed in triggers[0]:[psnoregt:158][cschgc:0, pschgc:0]
04-22 12:57:40.382  5606  6489 E AMC     : [P-idle_cs_ps_change/0] execute failed mult in triggers!
04-22 12:57:40.382  5606  6489 E AMC     : [P-idle_cs_ps_change/1] execute failed in triggers[0]:[psnoregt:0][cschgc:0, pschgc:0]
04-22 12:57:40.382  5606  6489 E AMC     : [P-idle_cs_ps_change/1] execute failed in triggers[1]:[psnoregt:0][psnoregt:0, csnoregt:0]
04-22 12:57:40.382  5606  6489 E AMC     : [P-idle_cs_ps_change/1] execute failed mult in triggers!
04-22 12:57:40.382  5606  6489 E AMC     : [P-idle_cs_ps_change/0] execute failed in triggers[0]:[pschgc:0][cschgc:0, pschgc:0]
04-22 12:57:40.383  5606  6489 E AMC     : [P-idle_cs_ps_change/0] execute failed mult in triggers!
04-22 12:57:40.383  5606  6489 E AMC     : [P-idle_cs_ps_change/1] execute failed in triggers[0]:[pschgc:0][cschgc:0, pschgc:0]
04-22 12:57:40.383  5606  6489 E AMC     : [P-idle_cs_ps_change/1] execute failed in triggers[1]:[pschgc:0][psnoregt:0, csnoregt:0]
04-22 12:57:40.383  5606  6489 E AMC     : [P-idle_cs_ps_change/1] execute failed mult in triggers!
04-22 12:57:40.383  5606  6489 E AMC     : [P-idle_cs_ps_change/0] execute failed in triggers[0]:[csnoregt:158][cschgc:0, pschgc:0]
04-22 12:57:40.383  5606  6489 E AMC     : [P-idle_cs_ps_change/0] execute failed mult in triggers!
04-22 12:57:40.383  5606  6489 E AMC     : [P-qc_oos_qrxlv/0] failed to execute check triggers, non active subId!
04-22 12:57:40.383  5606  6489 E AMC     : [P-idle_cs_ps_change/1] execute failed in triggers[0]:[csnoregt:0][cschgc:0, pschgc:0]
04-22 12:57:40.383  5606  6489 E AMC     : [P-idle_cs_ps_change/1] execute failed in triggers[1]:[csnoregt:0][psnoregt:0, csnoregt:0]
04-22 12:57:40.383  5606  6489 E AMC     : [P-idle_cs_ps_change/1] execute failed mult in triggers!
04-22 12:57:40.383  5606  6489 E AMC     : [P-qc_oos_qrxlv/1] execute failed check triggers[0]:[csnoregt:0][deepsleep:false, csnoregt:0]
04-22 12:57:40.385  5536  5536 E SatelliteController: registerForSatelliteModemStateChanged: mSatelliteSessionController is not initialized yet
04-22 12:57:40.390  5536  5536 E SatelliteController: registerForSatelliteModemStateChanged: mSatelliteSessionController is not initialized yet
04-22 12:57:40.394  5536  5536 E SatelliteController: registerForSatelliteModemStateChanged: mSatelliteSessionController is not initialized yet
04-22 12:57:40.432  3796  5994 E SensorService: Required app aidl_client_pid_2268, uid 1000, pid 2268
04-22 12:57:40.433  2279  2378 E PERFHAL-OPTSHANDLER: PERFHAL-OPTSHANDLER: unsupported() 942: Error: This resource is not supported
04-22 12:57:40.433  2279  2378 E PERFHAL-RESOURCEQS: PERFHAL-RESOURCEQS: RemoveAndApply() 292: Failed to reset optimization here [18, 41]
04-22 12:57:40.433  3796  3796 E OplusGestureAnimationManagerPolicy: mScreenHeight:2772 mScreenWidth:1272 mRotation:0
04-22 12:57:40.434  2279  2378 E PERFHAL-RESOURCEQS: PERFHAL-RESOURCEQS: AddAndApply() 130: Resource with major=18, minor=41 not supported
04-22 12:57:40.435  3796  4259 E OplusCustomizeRestrictionManagerService: isBiometricDisabled start
04-22 12:57:40.436  2279  2378 E PERFHAL-OPTSHANDLER: PERFHAL-OPTSHANDLER: unsupported() 942: Error: This resource is not supported
04-22 12:57:40.436  2279  2378 E PERFHAL-RESOURCEQS: PERFHAL-RESOURCEQS: RemoveAndApply() 292: Failed to reset optimization here [18, 0]
04-22 12:57:40.436  3394  3803 E [FP_HAL][UltraSonicCore_default]: [__doBrokenCheckAndHandle], batt_temperature = 30, frame_temperature = 30
04-22 12:57:40.438  2279  2378 E PERFHAL-RESOURCEQS: PERFHAL-RESOURCEQS: AddAndApply() 130: Resource with major=18, minor=0 not supported
04-22 12:57:40.438  2279  2378 E PERFHAL-RESOURCEQS: PERFHAL-RESOURCEQS: AddAndApply() 130: Resource with major=18, minor=1 not supported
04-22 12:57:40.438  2268  2556 E SDM     : DRMConnector::Perform: Connector 70: Setting Qsync min fps 8388856
04-22 12:57:40.439  3796  3865 E SensorService: Required app aidl_client_pid_2268, uid 1000, pid 2268
04-22 12:57:40.441  2805  4394 E RadioProxy: radioResponseCallback invalid user data or proxy
04-22 12:57:40.441  3548  4395 E RadioProxy: radioResponseCallback invalid user data or proxy
04-22 12:57:40.441  3548  3565 E Proxy   : Unsupported message id 4001
04-22 12:57:40.442  2805  2907 E Proxy   : Unsupported message id 4001
04-22 12:57:40.444  3796 19150 E OplusStorageUFSBandwidth: storage_io_metrics_path is /proc/oplus_storage/io_metrics/forever/
04-22 12:57:40.445  3796  5369 E SensorService: Required app com.oplus.motionsense.MotionModule, uid 1000, pid 5817
04-22 12:57:40.448  3796 19150 E OplusStorageUFSBandwidth: Bandwidth - Read: 3,62 MB/s, Write: 0,06 MB/s
04-22 12:57:40.448  3796 19150 E OplusStorageUFSBandwidth: Task time: 4ms
04-22 12:57:40.448  3548  3562 E QmiVsClient: sendAsyncRequest QMI_VS_SET_POWER_SAVING_STATE_REQ_MSG_V01 ret 0
04-22 12:57:40.448  3796 19150 E OplusStorageUFSBandwidth: Alarm set to trigger in 10 seconds
04-22 12:57:40.448  2339  2339 E vendor.oplus.hardware.charger-V10-service: notifyScreenStatus: 1
04-22 12:57:40.449  3796  5246 E SensorService: Required app b.a, uid 1000, pid 5193
04-22 12:57:40.449  7149  7261 E horae   : tz(cpu-1-0-1) temp changed suddenly, cut temp to:45800
04-22 12:57:40.449  7149  7261 E horae   : Recording abnormal tz:25 state:4.
04-22 12:57:40.450  2070  8520 E TetherController: property_get sys.radio.data.modem_share_flag return 0, 1!
04-22 12:57:40.450  3796  5131 E OplusSupplicantStaIfaceHalAidlImpl: Can't call doStringCommand, IOplusSupplicantStaIface is null
04-22 12:57:40.450  2215 10657 E sensors-hal: handle_sns_client_event:98, pedometer_minute: report_ts=19,counter=130.000000 move_status =[SNS_CMC_STATIONARY] time_gap = 2 run_counter=55.000000 walk_counter=4.000000
04-22 12:57:40.451  5606  6489 E AMC     : [A-ooscfg/1/20250806] failed to set asyn cancel success due to invalid state:0
04-22 12:57:40.452  3394  3629 E SmcInvoke_MinkDescriptor: mem obj with id :17 not found in list
04-22 12:57:40.453  3796  4178 E SensorService: Required app com.android.server.power.FaceDownDetector, uid 1000, pid 3796
04-22 12:57:40.454  2215 10657 E sensors-hal: handle_sns_client_event:98, pedometer_minute: report_ts=20,counter=130.000000 move_status =[SNS_CMC_STATIONARY] time_gap = 1 run_counter=55.000000 walk_counter=4.000000
04-22 12:57:40.454  2215 10657 E sensors-hal: handle_sns_client_event:98, pedometer_minute: report_ts=21,counter=130.000000 move_status =[SNS_CMC_STATIONARY] time_gap = 0 run_counter=55.000000 walk_counter=4.000000
04-22 12:57:40.456  5732  5732 E DPMJ    : |SERVICE| sendScreenState state  trueand int value 1
04-22 12:57:40.458  5606  6489 E AMC     : [P-unroaming_card/0] failed to execute check triggers, non active subId!
04-22 12:57:40.460  5606  6489 E AMC     : [P-unroaming_card/1] execute failed check triggers[0]:[loop:true][oos:false, psnoregt:0, csnoregt:0, airplane:null, mccmismatch:false]
04-22 12:57:40.462  3796  5131 E OplusSmartScanManager: Unexpected state, don't detected scene state
04-22 12:57:40.462  3796  5131 E OplusSmartScanManager: Unexpected state, don't detected motion state
04-22 12:57:40.471  3796  5194 E LinkPower: [JudgeMonitorProcess] failed to deleteLastRecord, mMonitorRecordAccumulate is empty!
04-22 12:57:40.471  3796  5194 E LinkPower: [JudgeMonitorProcess] failed to deleteLastRecord, mMonitorRecordAccumulate is empty!
04-22 12:57:40.471  3796  5194 E CommSceneService: modem stationary state=0 not update, cancel notify!
04-22 12:57:40.473  9675 13253 E PTC.DISC.AndroidMultiLanServer: wlanSocketGroup.get null
04-22 12:57:40.477  3796  5194 E LinkPower: [JudgeMonitorProcess] failed to deleteLastRecord, mMonitorRecordAccumulate is empty!
04-22 12:57:40.477  3796  5194 E LinkPower: [JudgeMonitorProcess] failed to deleteLastRecord, mMonitorRecordAccumulate is empty!
04-22 12:57:40.482  3796  5194 E LinkPower: [JudgeMonitorProcess] failed to deleteLastRecord, mMonitorRecordAccumulate is empty!
04-22 12:57:40.482  3796  5194 E LinkPower: [JudgeMonitorProcess] failed to deleteLastRecord, mMonitorRecordAccumulate is empty!
04-22 12:57:40.492  5426  5426 E UdfpsController: Null request when onAcquired for sensorId: 1 acquiredInfo=0
04-22 12:57:40.493  5426  6186 E SystemUi--Keyguard: OnScreenHighLightControl-->controlPartialUpdate exception : java.util.NoSuchElementException
04-22 12:57:40.515  3796  5986 E SensorService: Required app com.oplus.gesture.phonegesture.gestureservice.OplusGestureEngineService, uid 10297, pid 5374
04-22 12:57:40.517  3796  5146 E GestureLog_OplusScreenDirectManager: current screen is locked, so return
04-22 12:57:40.525  2215 29658 E sensors-hal: handle_sns_client_event:49, oplus_lay_detect: data = 0, cnt = 4, ts=1423684469504
04-22 12:57:40.528  5426  5426 E CentralSurfaces: Keyguard is done going away, but someone left the light reveal scrim at reveal amount: 0.0
04-22 12:57:40.529  3796  3796 E OplusCustomizeRestrictionManagerService: isBiometricDisabled start
04-22 12:57:40.529  3796  3796 E OplusCustomizeRestrictionManagerService: isBiometricDisabled start
04-22 12:57:40.529  3796  3796 E OplusCustomizeRestrictionManagerService: isBiometricDisabled start
04-22 12:57:40.532  5426  5559 E FromLockscreenTransitionInteractor: Ignoring startTransition: This interactor asked to transition from LOCKSCREEN -> GONE, but we last transitioned to GONE, not LOCKSCREEN. This should never happen - check currentTransitionInfoInternal or use filterRelevantKeyguardState before starting transitions.
04-22 12:57:40.539  5426  5426 E LockScreenNotificationDispatcherImp: updateNotificationListOnKg size:0
04-22 12:57:40.559  5426  5426 E KeyguardViewMediator: Keyguard exit without a corresponding app to show.
04-22 12:57:40.562  3796  5132 E OplusWifiPower_WakeupApp: updateCollectInfo finish
04-22 12:57:40.567  5426  5426 E LockScreenNotificationDispatcherImp: updateNotificationListOnKg size:0
04-22 12:57:40.569  9675 29643 E PTC.PLUGINMGR.AdvancedProcessor: -- pluginV2Track -- isSupportHeythings is set false
04-22 12:57:40.577  9675 29643 E PTC.PLUGINMGR.HeythingsPluginManager: -- pluginV2Track -- isSupportHeythings is set false
04-22 12:57:40.577  9675 29643 E PTC.DISC.ScanPluginFilter: Collect 0 normal plugins
04-22 12:57:40.582  9675 10862 E PTC.DEVICEMGR.DeviceInfoCollectUtil: getNetworkStatus except!;getDataNetworkTypeForSubscriber
04-22 12:57:40.585  5426  5426 E [OPLUS_AFS_CONFIG]: Failed to open AFS config file: /proc/oplus_afs_config/afs_config
04-22 12:57:40.585  5426  5426 E AFS_CONFIG: Failed to get scene config
04-22 12:57:40.585  5426  5426 E OplusAfsManager: afsConfigSceneConfigGet sceneType is null
04-22 12:57:40.585  5426  5426 E IJankManager: latencySceneEnd unknown scene 45 mScene:-1
04-22 12:57:40.612  3394  3394 E [FP_HAL][HeartRate]: heartrate cmd_id :400004, app_state:0
04-22 12:57:40.612  3394  3394 E [FP_HAL][HeartRate]: [start_heartrate] exit. errno=1
04-22 12:57:40.649 22483 27894 E WeatherS_PrivacyStatementExport: isSupportExportPrivacyVersion metaData -> true
04-22 12:57:40.649 22483 27894 E WeatherS_PrivacyStatementExport: isAgreed1
04-22 12:57:40.652 22483 27894 E WeatherS_PrivacyStatementExport: isSupportExportPrivacyVersion metaData -> true
04-22 12:57:40.652 22483 27894 E WeatherS_PrivacyStatementExport: isAgreed1
04-22 12:57:40.653 22483 27894 E WeatherS_PrivacyStatementExport: isSupportExportPrivacyVersion metaData -> true
04-22 12:57:40.653 22483 27894 E WeatherS_PrivacyStatementExport: isAgreed1
04-22 12:57:40.658 22483 29686 E WeatherS_PrivacyStatementExport: isSupportExportPrivacyVersion metaData -> true
04-22 12:57:40.658 22483 29686 E WeatherS_PrivacyStatementExport: isAgreed1
04-22 12:57:40.659 22483 29686 E WeatherS_WeatherExpireTimeUtils: hasExpireTimeByCityId:59;00486900010921
04-22 12:57:40.659 22483 29686 E WeatherS_PrivacyStatementExport: isSupportExportPrivacyVersion metaData -> true
04-22 12:57:40.659 22483 29686 E WeatherS_PrivacyStatementExport: isAgreed1
04-22 12:57:40.660 22483 29685 E WeatherS_WeatherServiceVersionUtils: supportWeatherSendNotificationTime error
04-22 12:57:40.660 22483 29685 E WeatherS_WeatherServiceVersionUtils: android.content.pm.PackageManager$NameNotFoundException: com.coloros.weather2
04-22 12:57:40.660 22483 29685 E WeatherS_WeatherServiceVersionUtils:   at android.app.ApplicationPackageManager.getApplicationInfoAsUser(ApplicationPackageManager.java:564)
04-22 12:57:40.660 22483 29685 E WeatherS_WeatherServiceVersionUtils:   at android.app.ApplicationPackageManager.getApplicationInfo(ApplicationPackageManager.java:547)
04-22 12:57:40.660 22483 29685 E WeatherS_WeatherServiceVersionUtils:   at android.app.ApplicationPackageManager.getApplicationInfo(ApplicationPackageManager.java:541)
04-22 12:57:40.660 22483 29685 E WeatherS_WeatherServiceVersionUtils:   at com.oplus.weatherservicesdk.Utils.WeatherServiceVersionUtils.supportWeatherSendNotificationTime(Unknown Source:13)
04-22 12:57:40.660 22483 29685 E WeatherS_WeatherServiceVersionUtils:   at com.oplus.weather.notification.WeatherServiceNotificationManager.F(Unknown Source:44)
04-22 12:57:40.660 22483 29685 E WeatherS_WeatherServiceVersionUtils:   at com.oplus.weather.notification.WeatherServiceNotificationManager.k(Unknown Source:16)
04-22 12:57:40.660 22483 29685 E WeatherS_WeatherServiceVersionUtils:   at n9.d.y(Unknown Source:46)
04-22 12:57:40.660 22483 29685 E WeatherS_WeatherServiceVersionUtils:   at n9.d.j(Unknown Source:0)
04-22 12:57:40.660 22483 29685 E WeatherS_WeatherServiceVersionUtils:   at n9.a.run(Unknown Source:0)
04-22 12:57:40.660 22483 29685 E WeatherS_WeatherServiceVersionUtils:   at java.util.concurrent.ThreadPoolExecutor.runWorker(ThreadPoolExecutor.java:1154)
04-22 12:57:40.660 22483 29685 E WeatherS_WeatherServiceVersionUtils:   at java.util.concurrent.ThreadPoolExecutor$Worker.run(ThreadPoolExecutor.java:652)
04-22 12:57:40.660 22483 29685 E WeatherS_WeatherServiceVersionUtils:   at java.lang.Thread.run(Thread.java:1564)
04-22 12:57:40.671  1109  1109 E lowmemorykiller: device memory 1275569 free 73258 file 1200464
04-22 12:57:40.675 22483 29686 E WeatherS_PrivacyStatementExport: isSupportExportPrivacyVersion metaData -> true
04-22 12:57:40.675 22483 29686 E WeatherS_PrivacyStatementExport: isAgreed1
04-22 12:57:40.677 22483 29698 E WeatherS_PrivacyStatementExport: isSupportExportPrivacyVersion metaData -> true
04-22 12:57:40.677 22483 29698 E WeatherS_PrivacyStatementExport: isAgreed1
04-22 12:57:40.679 22483 29698 E WeatherS_PrivacyStatementExport: isSupportExportPrivacyVersion metaData -> true
04-22 12:57:40.679 22483 29698 E WeatherS_PrivacyStatementExport: isAgreed1
04-22 12:57:40.679 22483 29698 E WeatherS_PrivacyStatementExport: isSupportExportPrivacyVersion metaData -> true
04-22 12:57:40.679 22483 29698 E WeatherS_PrivacyStatementExport: isAgreed1
04-22 12:57:40.679 22483 29698 E WeatherS_WeatherServiceVersionUtils: supportWeatherSendNotificationTime error
04-22 12:57:40.679 22483 29698 E WeatherS_WeatherServiceVersionUtils: android.content.pm.PackageManager$NameNotFoundException: com.coloros.weather2
04-22 12:57:40.679 22483 29698 E WeatherS_WeatherServiceVersionUtils:   at android.app.ApplicationPackageManager.getApplicationInfoAsUser(ApplicationPackageManager.java:564)
04-22 12:57:40.679 22483 29698 E WeatherS_WeatherServiceVersionUtils:   at android.app.ApplicationPackageManager.getApplicationInfo(ApplicationPackageManager.java:547)
04-22 12:57:40.679 22483 29698 E WeatherS_WeatherServiceVersionUtils:   at android.app.ApplicationPackageManager.getApplicationInfo(ApplicationPackageManager.java:541)
04-22 12:57:40.679 22483 29698 E WeatherS_WeatherServiceVersionUtils:   at com.oplus.weatherservicesdk.Utils.WeatherServiceVersionUtils.supportWeatherSendNotificationTime(Unknown Source:13)
04-22 12:57:40.679 22483 29698 E WeatherS_WeatherServiceVersionUtils:   at com.oplus.weather.notification.WeatherServiceNotificationManager.F(Unknown Source:44)
04-22 12:57:40.679 22483 29698 E WeatherS_WeatherServiceVersionUtils:   at com.oplus.weather.notification.WeatherServiceNotificationManager.k(Unknown Source:16)
04-22 12:57:40.679 22483 29698 E WeatherS_WeatherServiceVersionUtils:   at com.oplus.weather.notification.WeatherServiceNotificationManager.l(Unknown Source:19)
04-22 12:57:40.679 22483 29698 E WeatherS_WeatherServiceVersionUtils:   at com.oplus.weather.datasource.service.WeatherInfoBaseDataSource.handleExpNotifyWhenNotNeedRequestNet(Unknown Source:7)
04-22 12:57:40.679 22483 29698 E WeatherS_WeatherServiceVersionUtils:   at com.oplus.weather.datasource.service.WeatherInfoBaseDataSource.startWeatherInfoNetWorkRequest(Unknown Source:71)
04-22 12:57:40.679 22483 29698 E WeatherS_WeatherServiceVersionUtils:   at com.oplus.weather.datasource.service.WeatherInfoBaseDataSource.h(Unknown Source:0)
04-22 12:57:40.679 22483 29698 E WeatherS_WeatherServiceVersionUtils:   at com.oplus.weather.datasource.service.WeatherInfoBaseDataSource$a.safeRun(Unknown Source:111)
04-22 12:57:40.679 22483 29698 E WeatherS_WeatherServiceVersionUtils:   at g9.b.run(Unknown Source:0)
04-22 12:57:40.679 22483 29698 E WeatherS_WeatherServiceVersionUtils:   at java.util.concurrent.ThreadPoolExecutor.runWorker(ThreadPoolExecutor.java:1154)
04-22 12:57:40.679 22483 29698 E WeatherS_WeatherServiceVersionUtils:   at java.util.concurrent.ThreadPoolExecutor$Worker.run(ThreadPoolExecutor.java:652)
04-22 12:57:40.679 22483 29698 E WeatherS_WeatherServiceVersionUtils:   at java.lang.Thread.run(Thread.java:1564)
04-22 12:57:40.679 22483 29698 E WeatherS_PrivacyStatementExport: isSupportExportPrivacyVersion metaData -> true
04-22 12:57:40.679 22483 29698 E WeatherS_PrivacyStatementExport: isAgreed1
04-22 12:57:40.679 22483 29698 E WeatherS_PrivacyStatementExport: isSupportExportPrivacyVersion metaData -> true
04-22 12:57:40.679 22483 29698 E WeatherS_PrivacyStatementExport: isAgreed1
04-22 12:57:40.680 22483 29698 E WeatherS_PrivacyStatementExport: isSupportExportPrivacyVersion metaData -> true
04-22 12:57:40.680 22483 29698 E WeatherS_PrivacyStatementExport: isAgreed1
04-22 12:57:40.680 22483 29698 E WeatherS_PrivacyStatementExport: isSupportExportPrivacyVersion metaData -> true
04-22 12:57:40.680 22483 29698 E WeatherS_PrivacyStatementExport: isAgreed1
04-22 12:57:40.682  7186  7240 E oiface  : sched_setaffinity failed
04-22 12:57:40.682  7186  7225 E oiface  : directSetTask: get cpuset path failed
04-22 12:57:40.771  1109  1109 E lowmemorykiller: device memory 1277748 free 79029 file 1195844
04-22 12:57:40.799  2268  2556 E SDM     : DRMConnector::Perform: Connector Setting HBM_EN 70: hbm_en 0,prop_id=85
04-22 12:57:40.807  2268  2556 E SDM     : DRMConnector::Perform: Connector 70: Setting Qsync min fps 8388737
04-22 12:57:40.836  3394  3629 E SmcInvoke_MinkDescriptor: mem obj with id :17 not found in list
04-22 12:57:40.860  1201  1247 E QC-time-services: Receive Passed == base = 13, unit = 1, operation = 2, result = 0
04-22 12:57:40.860  2009  2031 E QC-time-services: Daemon: Time-services: Waiting to acceptconnection
04-22 12:57:40.860  2009  2031 E QC-time-services: Daemon: Time-services: Waiting to acceptconnection
04-22 12:57:40.865  2279  2378 E PERFHAL-OPTSHANDLER: PERFHAL-OPTSHANDLER: unsupported() 942: Error: This resource is not supported
04-22 12:57:40.865  2279  2378 E PERFHAL-RESOURCEQS: PERFHAL-RESOURCEQS: RemoveAndApply() 292: Failed to reset optimization here [18, 1]
04-22 12:57:40.865  2279  2378 E PERFHAL-OPTSHANDLER: PERFHAL-OPTSHANDLER: unsupported() 942: Error: This resource is not supported
04-22 12:57:40.865  2279  2378 E PERFHAL-RESOURCEQS: PERFHAL-RESOURCEQS: RemoveAndApply() 292: Failed to reset optimization here [18, 0]
04-22 12:57:40.871  1109  1109 E lowmemorykiller: device memory 1284280 free 83901 file 1195902
04-22 12:57:40.878  1321  5866 E SmcInvoke_MinkDescriptor: mem obj with id :19 not found in list
04-22 12:57:40.879  3796  5246 E system_server: No package ID ff found for resource ID 0xffffffff.
04-22 12:57:40.890  3796  5246 E system_server: No package ID ff found for resource ID 0xffffffff.
04-22 12:57:40.891  2070  2111 E NetlinkEvent: NetlinkEvent::FindParam(): Parameter 'INTERFACE' not found
04-22 12:57:40.891  2070  2111 E NetlinkEvent: NetlinkEvent::FindParam(): Parameter 'STATE' not found
04-22 12:57:40.891  2070  2111 E NetlinkEvent: NetlinkEvent::FindParam(): Parameter 'TIME_NS' not found
04-22 12:57:40.891  2070  2111 E NetlinkEvent: NetlinkEvent::FindParam(): Parameter 'UID' not found
04-22 12:57:40.907  1321  5866 E SmcInvoke_MinkDescriptor: mem obj with id :19 not found in list
04-22 12:57:40.921  1321  5866 E SmcInvoke_MinkDescriptor: mem obj with id :19 not found in list
04-22 12:57:40.930  3796  5246 E BiometricScheduler: Current operation is null,no need to start watchdog
04-22 12:57:40.939  1321  5866 E SmcInvoke_MinkDescriptor: mem obj with id :19 not found in list
04-22 12:57:40.962  3394  3629 E SmcInvoke_MinkDescriptor: mem obj with id :17 not found in list
04-22 12:57:40.972  1109  1109 E lowmemorykiller: device memory 1288615 free 84112 file 1196161
04-22 12:57:40.991  3394  3629 E SmcInvoke_MinkDescriptor: mem obj with id :17 not found in list
04-22 12:57:40.991  1321  5866 E SmcInvoke_MinkDescriptor: mem obj with id :19 not found in list
04-22 12:57:41.013  1321  5866 E SmcInvoke_MinkDescriptor: mem obj with id :19 not found in list
04-22 12:57:41.024  1321  5866 E SmcInvoke_MinkDescriptor: Invalid handle 19
04-22 12:57:41.041 23184 23295 E msys    : E[N mns:TigonMNS]_OnDiskCacheGetData(1175)=>Start post callback cache refresh DNS resolution
04-22 12:57:41.050 23184 23295 E msys    : E[N mns:TigonMNS]_LogError(295)=>Failed to resolve using system DNS resolver, getaddrinfo(): No address associated with hostname
04-22 12:57:41.050 23184 23295 E msys    : E[N mns:TigonMNS]_OnDiskCacheGetData(1175)=>Start post callback cache refresh DNS resolution
04-22 12:57:41.051 23184 23295 E msys    : E[N mns:TigonMNS]_LogError(295)=>Failed to resolve using system DNS resolver, getaddrinfo(): No address associated with hostname
04-22 12:57:41.072  1109  1109 E lowmemorykiller: device memory 1286416 free 81525 file 1196607
04-22 12:57:41.073  7078 29662 E Dck     : Could not get ProviderInfo when resolving the content provider authority. [CONTEXT service_id=289 ]
04-22 12:57:41.073  7078 29662 E Dck     : Samsung Content Provider failed app verification [CONTEXT service_id=289 ]
04-22 12:57:41.076  7078 10026 E Dck     : Could not get ProviderInfo when resolving the content provider authority. [CONTEXT service_id=289 ]
04-22 12:57:41.076  7078 10026 E Dck     : Samsung Content Provider failed app verification [CONTEXT service_id=289 ]
04-22 12:57:41.125  1317 14773 E keystore2: system/security/keystore2/src/error.rs:183 - system/security/keystore2/src/security_level.rs:332
04-22 12:57:41.125  1317 14773 E keystore2:
04-22 12:57:41.125  1317 14773 E keystore2: Caused by:
04-22 12:57:41.125  1317 14773 E keystore2:     0: system/security/keystore2/src/enforcements.rs:599: matching auth token (challenge=0, userId=8266693859224811217, authId=0, authType=0x1, timestamp=126870ms) rcved=BootTime(119199) for sids [8266693859224811217] type Some(r#PASSWORD) is expired (1305s old > timeout=5s)
04-22 12:57:41.125  1317 14773 E keystore2:     1: Error::Km(r#KEY_USER_NOT_AUTHENTICATED)
04-22 12:57:41.130  9209 11935 E NfcService: isObserveModeSupported: NFC must be enabled but is: 1
04-22 12:57:41.174  1109  1109 E lowmemorykiller: device memory 1285101 free 79139 file 1197614
04-22 12:57:41.275  1109  1109 E lowmemorykiller: device memory 1284969 free 78974 file 1197671
04-22 12:57:41.304  5824 29587 E DynamicFramerate [DynamicFrameRateManagerImpl]: setFrameRateInterNalForNoContext: TIMING_DO_NO_CONTEXT_ANIMATION transaction = null, need apply actively
04-22 12:57:41.304  5824 29587 E DynamicFramerate [DynamicFrameRateManagerImpl]: setFrameRateInterNalForNoContext: TIMING_DO_NO_CONTEXT_ANIMATION request is = FrameRateRequest: {  mUniqueID = 186285305, mVelocity = -2, mPreviousFrameRate = 120, mBindWithSC = true, mSc = null, mTransaction = android.view.SurfaceControl$Transaction@ec8606d, Type = 20202 } , frameRate 0
04-22 12:57:41.304  5824  5824 E [OPLUS_AFS_CONFIG]: Failed to open AFS config file: /proc/oplus_afs_config/afs_config
04-22 12:57:41.304  5824  5824 E AFS_CONFIG: Failed to get scene config
04-22 12:57:41.304  5824  5824 E OplusAfsManager: afsConfigSceneConfigGet sceneType is null
04-22 12:57:41.369  2070  8520 E TetherController: property_get sys.radio.data.modem_share_flag return 0, 1!
04-22 12:57:41.375  1109  1109 E lowmemorykiller: device memory 1277600 free 76285 file 1198424
04-22 12:57:41.411  3796  5539 E AppOps  : attributionTag OplusLBS not declared in manifest of android
04-22 12:57:41.479  1109  1109 E lowmemorykiller: device memory 1277060 free 75403 file 1198766
04-22 12:57:41.580  1109  1109 E lowmemorykiller: device memory 1276817 free 75151 file 1198775
04-22 12:57:41.704  2070  2111 E NetlinkEvent: NetlinkEvent::FindParam(): Parameter 'INTERFACE' not found
04-22 12:57:41.704  2070  2111 E NetlinkEvent: NetlinkEvent::FindParam(): Parameter 'STATE' not found
04-22 12:57:41.704  2070  2111 E NetlinkEvent: NetlinkEvent::FindParam(): Parameter 'TIME_NS' not found
04-22 12:57:41.704  2070  2111 E NetlinkEvent: NetlinkEvent::FindParam(): Parameter 'UID' not found
04-22 12:57:42.286  1109  1109 E lowmemorykiller: device memory 1275743 free 73765 file 1199085
04-22 12:57:42.449  3796 19150 E OplusStorageUFSBandwidth: storage_io_metrics_path is /proc/oplus_storage/io_metrics/forever/
04-22 12:57:42.450  3796 19150 E OplusStorageUFSBandwidth: Bandwidth - Read: 23,96 MB/s, Write: 1,00 MB/s
04-22 12:57:42.450  3796 19150 E OplusStorageUFSBandwidth: Task time: 1ms
04-22 12:57:42.451  3796 19150 E OplusStorageUFSBandwidth: Alarm set to trigger in 10 seconds
04-22 12:57:42.585  9675 11693 E PTC.PLUGINMGR.HeythingsPluginManager: -- pluginV2Track -- isSupportHeythings is set false
04-22 12:57:42.585  9675 11693 E PTC.DISC.ScanPluginFilter: Collect 0 normal plugins
04-22 12:57:42.796  1109  1109 E lowmemorykiller: device memory 1274936 free 72946 file 1199097
04-22 12:57:43.473  6575  6724 E LocalFileUtil: getListFromStream stream is null
04-22 12:57:43.648  3121  3121 E vendor.oplus.hardware.rpmh-V1-service: get data from /sys/module/oplus_rpmh_statics/rpmh_stats/oplus_rpmh_master_stats failed! res=-1
04-22 12:57:43.648  3121  3121 E vendor.oplus.hardware.rpmh-V1-service: get data from /sys/module/oplus_rpmh_statics/rpmh_stats/oplus_rpmh_master_stats failed! res=-1
04-22 12:57:43.649  3121  3121 E vendor.oplus.hardware.rpmh-V1-service: get data from /sys/module/oplus_rpmh_statics/rpmh_stats/oplus_rpmh_master_stats failed! res=-1
04-22 12:57:43.656  1315  6157 E android.system.suspend-service: Error opening wakeup44/name for wakeup44: Permission denied
04-22 12:57:43.657  1315  6157 E android.system.suspend-service: Error opening wakeup44/active_count for wakeup44: Permission denied
04-22 12:57:43.657  1315  6157 E android.system.suspend-service: Error opening wakeup44/last_change_ms for wakeup44: Permission denied
04-22 12:57:43.657  1315  6157 E android.system.suspend-service: Error opening wakeup44/max_time_ms for wakeup44: Permission denied
04-22 12:57:43.657  1315  6157 E android.system.suspend-service: Error opening wakeup44/total_time_ms for wakeup44: Permission denied
04-22 12:57:43.657  1315  6157 E android.system.suspend-service: Error opening wakeup44/active_time_ms for wakeup44: Permission denied
04-22 12:57:43.657  1315  6157 E android.system.suspend-service: Error opening wakeup44/event_count for wakeup44: Permission denied
04-22 12:57:43.657  1315  6157 E android.system.suspend-service: Error opening wakeup44/expire_count for wakeup44: Permission denied
04-22 12:57:43.657  1315  6157 E android.system.suspend-service: Error opening wakeup44/prevent_suspend_time_ms for wakeup44: Permission denied
04-22 12:57:43.657  1315  6157 E android.system.suspend-service: Error opening wakeup44/wakeup_count for wakeup44: Permission denied
04-22 12:57:43.658  1315  6157 E android.system.suspend-service: Error opening wakeup9/name for wakeup9: Permission denied
04-22 12:57:43.658  1315  6157 E android.system.suspend-service: Error opening wakeup9/active_count for wakeup9: Permission denied
04-22 12:57:43.658  1315  6157 E android.system.suspend-service: Error opening wakeup9/last_change_ms for wakeup9: Permission denied
04-22 12:57:43.658  1315  6157 E android.system.suspend-service: Error opening wakeup9/max_time_ms for wakeup9: Permission denied
04-22 12:57:43.658  1315  6157 E android.system.suspend-service: Error opening wakeup9/total_time_ms for wakeup9: Permission denied
04-22 12:57:43.658  1315  6157 E android.system.suspend-service: Error opening wakeup9/active_time_ms for wakeup9: Permission denied
04-22 12:57:43.658  1315  6157 E android.system.suspend-service: Error opening wakeup9/event_count for wakeup9: Permission denied
04-22 12:57:43.658  1315  6157 E android.system.suspend-service: Error opening wakeup9/expire_count for wakeup9: Permission denied
04-22 12:57:43.658  1315  6157 E android.system.suspend-service: Error opening wakeup9/prevent_suspend_time_ms for wakeup9: Permission denied
04-22 12:57:43.658  1315  6157 E android.system.suspend-service: Error opening wakeup9/wakeup_count for wakeup9: Permission denied
04-22 12:57:43.659  1315  6157 E android.system.suspend-service: Error opening wakeup42/name for wakeup42: Permission denied
04-22 12:57:43.659  1315  6157 E android.system.suspend-service: Error opening wakeup42/active_count for wakeup42: Permission denied
04-22 12:57:43.659  1315  6157 E android.system.suspend-service: Error opening wakeup42/last_change_ms for wakeup42: Permission denied
04-22 12:57:43.659  1315  6157 E android.system.suspend-service: Error opening wakeup42/max_time_ms for wakeup42: Permission denied
04-22 12:57:43.659  1315  6157 E android.system.suspend-service: Error opening wakeup42/total_time_ms for wakeup42: Permission denied
04-22 12:57:43.659  1315  6157 E android.system.suspend-service: Error opening wakeup42/active_time_ms for wakeup42: Permission denied
04-22 12:57:43.659  1315  6157 E android.system.suspend-service: Error opening wakeup42/event_count for wakeup42: Permission denied
04-22 12:57:43.659  1315  6157 E android.system.suspend-service: Error opening wakeup42/expire_count for wakeup42: Permission denied
04-22 12:57:43.659  1315  6157 E android.system.suspend-service: Error opening wakeup42/prevent_suspend_time_ms for wakeup42: Permission denied
04-22 12:57:43.659  1315  6157 E android.system.suspend-service: Error opening wakeup42/wakeup_count for wakeup42: Permission denied
04-22 12:57:43.661  1315  6157 E android.system.suspend-service: Error opening wakeup40/name for wakeup40: Permission denied
04-22 12:57:43.661  1315  6157 E android.system.suspend-service: Error opening wakeup40/active_count for wakeup40: Permission denied
04-22 12:57:43.661  1315  6157 E android.system.suspend-service: Error opening wakeup40/last_change_ms for wakeup40: Permission denied
04-22 12:57:43.661  1315  6157 E android.system.suspend-service: Error opening wakeup40/max_time_ms for wakeup40: Permission denied
04-22 12:57:43.661  1315  6157 E android.system.suspend-service: Error opening wakeup40/total_time_ms for wakeup40: Permission denied
04-22 12:57:43.661  1315  6157 E android.system.suspend-service: Error opening wakeup40/active_time_ms for wakeup40: Permission denied
04-22 12:57:43.661  1315  6157 E android.system.suspend-service: Error opening wakeup40/event_count for wakeup40: Permission denied
04-22 12:57:43.661  1315  6157 E android.system.suspend-service: Error opening wakeup40/expire_count for wakeup40: Permission denied
04-22 12:57:43.661  1315  6157 E android.system.suspend-service: Error opening wakeup40/prevent_suspend_time_ms for wakeup40: Permission denied
04-22 12:57:43.661  1315  6157 E android.system.suspend-service: Error opening wakeup40/wakeup_count for wakeup40: Permission denied
04-22 12:57:43.663  1315  6157 E android.system.suspend-service: Error opening wakeup3/name for wakeup3: Permission denied
04-22 12:57:43.664  1315  6157 E android.system.suspend-service: Error opening wakeup3/active_count for wakeup3: Permission denied
04-22 12:57:43.664  1315  6157 E android.system.suspend-service: Error opening wakeup3/last_change_ms for wakeup3: Permission denied
04-22 12:57:43.664  1315  6157 E android.system.suspend-service: Error opening wakeup3/max_time_ms for wakeup3: Permission denied
04-22 12:57:43.664  1315  6157 E android.system.suspend-service: Error opening wakeup3/total_time_ms for wakeup3: Permission denied
04-22 12:57:43.664  1315  6157 E android.system.suspend-service: Error opening wakeup3/active_time_ms for wakeup3: Permission denied
04-22 12:57:43.664  1315  6157 E android.system.suspend-service: Error opening wakeup3/event_count for wakeup3: Permission denied
04-22 12:57:43.664  1315  6157 E android.system.suspend-service: Error opening wakeup3/expire_count for wakeup3: Permission denied
04-22 12:57:43.664  1315  6157 E android.system.suspend-service: Error opening wakeup3/prevent_suspend_time_ms for wakeup3: Permission denied
04-22 12:57:43.664  1315  6157 E android.system.suspend-service: Error opening wakeup3/wakeup_count for wakeup3: Permission denied
04-22 12:57:43.665  1315  6157 E android.system.suspend-service: Error opening wakeup55/name for wakeup55: Permission denied
04-22 12:57:43.665  1315  6157 E android.system.suspend-service: Error opening wakeup55/active_count for wakeup55: Permission denied
04-22 12:57:43.665  1315  6157 E android.system.suspend-service: Error opening wakeup55/last_change_ms for wakeup55: Permission denied
04-22 12:57:43.665  1315  6157 E android.system.suspend-service: Error opening wakeup55/max_time_ms for wakeup55: Permission denied
04-22 12:57:43.665  1315  6157 E android.system.suspend-service: Error opening wakeup55/total_time_ms for wakeup55: Permission denied
04-22 12:57:43.665  1315  6157 E android.system.suspend-service: Error opening wakeup55/active_time_ms for wakeup55: Permission denied
04-22 12:57:43.665  1315  6157 E android.system.suspend-service: Error opening wakeup55/event_count for wakeup55: Permission denied
04-22 12:57:43.665  1315  6157 E android.system.suspend-service: Error opening wakeup55/expire_count for wakeup55: Permission denied
04-22 12:57:43.665  1315  6157 E android.system.suspend-service: Error opening wakeup55/prevent_suspend_time_ms for wakeup55: Permission denied
04-22 12:57:43.665  1315  6157 E android.system.suspend-service: Error opening wakeup55/wakeup_count for wakeup55: Permission denied
04-22 12:57:43.669  1315  6157 E android.system.suspend-service: Error opening wakeup33/name for wakeup33: Permission denied
04-22 12:57:43.669  1315  6157 E android.system.suspend-service: Error opening wakeup33/active_count for wakeup33: Permission denied
