04-22 12:57:57.215  2279  2430 E PERFHAL-LLLITE: PERFHAL-LLLITE: CheckOngoingLaunchScenario() 199: mBoostedPkgName is empty!
04-22 12:57:57.215  2279  2469 E PERF_APPCLASSIFIER: PERF_APPCLASSIFIER: getData() 195: DBQuery failed for appName:com.android.launcher
04-22 12:57:57.215  2279  2279 E PERF_APPCLASSIFIER: PERF_APPCLASSIFIER: getData() 195: DBQuery failed for appName:com.android.launcher
04-22 12:57:57.215  2279  2469 E PERF_APPCLASSIFIER: PERF_APPCLASSIFIER: getData() 195: DBQuery failed for appName:com.android.launcher
04-22 12:57:57.215  2279  2279 E PERF_APPCLASSIFIER: PERF_APPCLASSIFIER: getData() 195: DBQuery failed for appName:com.android.launcher
04-22 12:57:57.217  5824  5824 E [OPLUS_AFS_CONFIG]: Failed to open AFS config file: /proc/oplus_afs_config/afs_config
04-22 12:57:57.217  5824  5824 E AFS_CONFIG: Failed to get scene config
04-22 12:57:57.217  5824  5824 E OplusAfsManager: afsConfigSceneConfigGet sceneType is null
04-22 12:57:57.218  3796  5626 E FlexibleWindowManagerService: notifyTaskObserverToAttachController not need to notify!
04-22 12:57:57.218  3796  4725 E OsenseCommonUtils: write /dev/memcg/memory.force_shrink_file failed
04-22 12:57:57.218  3796  4725 E OsenseCommonUtils: java.io.IOException: write failed: EBUSY (Device or resource busy)
04-22 12:57:57.218  3796  4725 E OsenseCommonUtils:     at libcore.io.IoBridge.write(IoBridge.java:651)
04-22 12:57:57.218  3796  4725 E OsenseCommonUtils:     at java.io.FileOutputStream.write(FileOutputStream.java:436)
04-22 12:57:57.218  3796  4725 E OsenseCommonUtils:     at sun.nio.cs.StreamEncoder.writeBytes(StreamEncoder.java:233)
04-22 12:57:57.218  3796  4725 E OsenseCommonUtils:     at sun.nio.cs.StreamEncoder.implFlushBuffer(StreamEncoder.java:309)
04-22 12:57:57.218  3796  4725 E OsenseCommonUtils:     at sun.nio.cs.StreamEncoder.implFlush(StreamEncoder.java:313)
04-22 12:57:57.218  3796  4725 E OsenseCommonUtils:     at sun.nio.cs.StreamEncoder.flush(StreamEncoder.java:153)
04-22 12:57:57.218  3796  4725 E OsenseCommonUtils:     at java.io.OutputStreamWriter.flush(OutputStreamWriter.java:248)
04-22 12:57:57.218  3796  4725 E OsenseCommonUtils:     at com.android.server.oplus.osense.utils.OsenseCommonUtils.writeFile(OsenseCommonUtils.java:154)
04-22 12:57:57.218  3796  4725 E OsenseCommonUtils:     at com.android.server.am.OplusOsenseCompressAction.doGlobalShrink(OplusOsenseCompressAction.java:1886)
04-22 12:57:57.218  3796  4725 E OsenseCommonUtils:     at com.android.server.am.OplusOsenseCompressAction.-$$Nest$mdoGlobalShrink(Unknown Source:0)
04-22 12:57:57.218  3796  4725 E OsenseCommonUtils:     at com.android.server.am.OplusOsenseCompressAction$CompressHandler.handleMessage(OplusOsenseCompressAction.java:1334)
04-22 12:57:57.218  3796  4725 E OsenseCommonUtils:     at android.os.Handler.dispatchMessage(Handler.java:115)
04-22 12:57:57.218  3796  4725 E OsenseCommonUtils:     at android.os.Looper.loopOnce(Looper.java:298)
04-22 12:57:57.218  3796  4725 E OsenseCommonUtils:     at android.os.Looper.loop(Looper.java:408)
04-22 12:57:57.218  3796  4725 E OsenseCommonUtils:     at android.os.HandlerThread.run(HandlerThread.java:85)
04-22 12:57:57.218  3796  4725 E OsenseCommonUtils: Caused by: android.system.ErrnoException: write failed: EBUSY (Device or resource busy)
04-22 12:57:57.218  3796  4725 E OsenseCommonUtils:     at libcore.io.Linux.writeBytes(Native Method)
04-22 12:57:57.218  3796  4725 E OsenseCommonUtils:     at libcore.io.Linux.write(Linux.java:338)
04-22 12:57:57.218  3796  4725 E OsenseCommonUtils:     at libcore.io.ForwardingOs.write(ForwardingOs.java:954)
04-22 12:57:57.218  3796  4725 E OsenseCommonUtils:     at libcore.io.BlockGuardOs.write(BlockGuardOs.java:448)
04-22 12:57:57.218  3796  4725 E OsenseCommonUtils:     at libcore.io.IoBridge.write(IoBridge.java:646)
04-22 12:57:57.218  3796  4725 E OsenseCommonUtils:     ... 14 more
04-22 12:57:57.219  3796  4166 E OplusAppQuickStart_AppQuickStartController: not start from launcher transition:23
04-22 12:57:57.225  5824 14471 E RemoteAnimRunnerExt[u0]: match view fail, reason: postscriptViewId:-1 , prefaceViewId:33292300
04-22 12:57:57.227  3796  4213 E OplusThermalStats: Error getting package info: com.android.launcher
04-22 12:57:57.231  5824  5824 E ScreenDecorationsUtils: getWindowCornerRadius NumberFormatException
04-22 12:57:57.233  5824  5824 E [OPLUS_AFS_CONFIG]: Failed to open AFS config file: /proc/oplus_afs_config/afs_config
04-22 12:57:57.233  5824  5824 E AFS_CONFIG: Failed to get scene config
04-22 12:57:57.233  5824  5824 E OplusAfsManager: afsConfigSceneConfigGet sceneType is null
04-22 12:57:57.242  5824  5824 E [OPLUS_AFS_CONFIG]: Failed to open AFS config file: /proc/oplus_afs_config/afs_config
04-22 12:57:57.242  5824  5824 E AFS_CONFIG: Failed to get scene config
04-22 12:57:57.242  5824  5824 E OplusAfsManager: afsConfigSceneConfigGet sceneType is null
04-22 12:57:57.280 29924 29924 E [UAH_CLIENT]: uahInit enter
04-22 12:57:57.292 29924 29983 E ashmem  : Pinning is deprecated since Android Q. Please use trim or other methods.
04-22 12:57:57.338  2215 10657 E sensors-hal: handle_sns_client_event:98, pedometer_minute: report_ts=22,counter=130.000000 move_status =[SNS_CMC_STATIONARY] time_gap = 0 run_counter=55.000000 walk_counter=4.000000
04-22 12:57:57.364 29924 30010 E beum    : Sync subscriptions not available
04-22 12:57:57.364 29924 30009 E beum    : Sync subscriptions not available
04-22 12:57:57.396 29924 30038 E GoogleApiManager: Failed to get service from broker.
04-22 12:57:57.396 29924 30038 E GoogleApiManager: java.lang.SecurityException: Unknown calling package name 'com.google.android.gms'.
04-22 12:57:57.396 29924 30038 E GoogleApiManager:      at android.os.Parcel.createExceptionOrNull(Parcel.java:3369)
04-22 12:57:57.396 29924 30038 E GoogleApiManager:      at android.os.Parcel.createException(Parcel.java:3353)
04-22 12:57:57.396 29924 30038 E GoogleApiManager:      at android.os.Parcel.readException(Parcel.java:3336)
04-22 12:57:57.396 29924 30038 E GoogleApiManager:      at android.os.Parcel.readException(Parcel.java:3278)
04-22 12:57:57.396 29924 30038 E GoogleApiManager:      at bisg.a(:com.google.android.gms@261332035@26.13.32 (260400-895912391):36)
04-22 12:57:57.396 29924 30038 E GoogleApiManager:      at biqh.z(:com.google.android.gms@261332035@26.13.32 (260400-895912391):143)
04-22 12:57:57.396 29924 30038 E GoogleApiManager:      at bhwi.run(:com.google.android.gms@261332035@26.13.32 (260400-895912391):42)
04-22 12:57:57.396 29924 30038 E GoogleApiManager:      at android.os.Handler.handleCallback(Handler.java:1027)
04-22 12:57:57.396 29924 30038 E GoogleApiManager:      at android.os.Handler.dispatchMessage(Handler.java:108)
04-22 12:57:57.396 29924 30038 E GoogleApiManager:      at cyil.mp(:com.google.android.gms@261332035@26.13.32 (260400-895912391):1)
04-22 12:57:57.396 29924 30038 E GoogleApiManager:      at cyil.dispatchMessage(:com.google.android.gms@261332035@26.13.32 (260400-895912391):5)
04-22 12:57:57.396 29924 30038 E GoogleApiManager:      at android.os.Looper.loopOnce(Looper.java:298)
04-22 12:57:57.396 29924 30038 E GoogleApiManager:      at android.os.Looper.loop(Looper.java:408)
04-22 12:57:57.396 29924 30038 E GoogleApiManager:      at android.os.HandlerThread.run(HandlerThread.java:85)
04-22 12:57:57.398  2279  2430 E PERF_APPCLASSIFIER: PERF_APPCLASSIFIER: getData() 195: DBQuery failed for appName:com.oplus.securityguard
04-22 12:57:57.398  2279  2430 E PERFHAL-BOOSTCONFIG: PERFHAL-BOOSTCONFIG: GetBoostConfig() 1872: Not able to fetch object
04-22 12:57:57.399  3796  8635 E WindowProcessControllerExtImpl: shouldMakeAbnormalActivityFinishing, list may empty, mHasActivities: false
04-22 12:57:57.399  2279  2378 E PERFHAL-OPTSHANDLER: PERFHAL-OPTSHANDLER: unsupported() 942: Error: This resource is not supported
04-22 12:57:57.399  2279  2378 E PERFHAL-RESOURCEQS: PERFHAL-RESOURCEQS: RemoveAndApply() 292: Failed to reset optimization here [18, 1]
04-22 12:57:57.399  2279  2378 E PERFHAL-OPTSHANDLER: PERFHAL-OPTSHANDLER: unsupported() 942: Error: This resource is not supported
04-22 12:57:57.399  2279  2378 E PERFHAL-RESOURCEQS: PERFHAL-RESOURCEQS: RemoveAndApply() 292: Failed to reset optimization here [18, 0]
04-22 12:57:57.401  3796  5822 E Athena  : athena_optimize: pkg: com.oplus.securityguard, processName: com.oplus.securityguardgetPercentage: 15
04-22 12:57:57.401  2279  2378 E PERFHAL-RESOURCEQS: PERFHAL-RESOURCEQS: AddAndApply() 130: Resource with major=18, minor=0 not supported
04-22 12:57:57.401  2279  2378 E PERFHAL-RESOURCEQS: PERFHAL-RESOURCEQS: AddAndApply() 130: Resource with major=18, minor=1 not supported
04-22 12:57:57.412  2279  2430 E PERFHAL-BOOSTCONFIG: PERFHAL-BOOSTCONFIG: GetBoostConfig() 1872: Not able to fetch object
04-22 12:57:57.414  3796  5822 E Athena  : athena_optimize: pkg: com.google.android.aicore, processName: com.google.android.aicoregetPercentage: 4
04-22 12:57:57.415  3796  5404 E WindowProcessControllerExtImpl: shouldMakeAbnormalActivityFinishing, list may empty, mHasActivities: false
04-22 12:57:57.455  7149  7261 E horae   : tz(cpu-1-0-1) temp changed suddenly, cut temp to:47000
04-22 12:57:57.455  7149  7261 E horae   : Recording abnormal tz:25 state:4.
04-22 12:57:57.591  1109  1109 E lowmemorykiller: device memory 1175418 free 74042 file 1151918
04-22 12:57:57.615  2279  2378 E PERFHAL-OPTSHANDLER: PERFHAL-OPTSHANDLER: unsupported() 942: Error: This resource is not supported
04-22 12:57:57.615  2279  2378 E PERFHAL-RESOURCEQS: PERFHAL-RESOURCEQS: RemoveAndApply() 292: Failed to reset optimization here [18, 1]
04-22 12:57:57.615  2279  2378 E PERFHAL-OPTSHANDLER: PERFHAL-OPTSHANDLER: unsupported() 942: Error: This resource is not supported
04-22 12:57:57.615  2279  2378 E PERFHAL-RESOURCEQS: PERFHAL-RESOURCEQS: RemoveAndApply() 292: Failed to reset optimization here [18, 0]
04-22 12:57:57.616  2279  2378 E PERFHAL-RESOURCEQS: PERFHAL-RESOURCEQS: AddAndApply() 130: Resource with major=18, minor=0 not supported
04-22 12:57:57.616  2279  2378 E PERFHAL-RESOURCEQS: PERFHAL-RESOURCEQS: AddAndApply() 130: Resource with major=18, minor=1 not supported
04-22 12:57:57.691  1109  1109 E lowmemorykiller: device memory 1177512 free 88130 file 1138834
04-22 12:57:57.718 10423 11567 E metis_v2_JenaHandlerManager: local thread match
04-22 12:57:57.718 10423 11567 E metis_v2_JenaHandlerManager: local thread match
04-22 12:57:57.790 29924 29924 E SchedAssist: open sharedFd failed with error=Permission denied
04-22 12:57:57.790 29924 29924 E SchedAssist: open sharedFd failed with error=Permission denied
04-22 12:57:57.790 29924 29924 E SchedAssist: open sharedFd failed with error=Permission denied
04-22 12:57:57.793  1109  1109 E lowmemorykiller: device memory 1177889 free 90715 file 1136491
04-22 12:57:57.811  1321  5866 E SmcInvoke_MinkDescriptor: Invalid handle 19
04-22 12:57:57.821  1321  5866 E SmcInvoke_MinkDescriptor: mem obj with id :19 not found in list
04-22 12:57:57.826  1321  5866 E SmcInvoke_MinkDescriptor: mem obj with id :19 not found in list
04-22 12:57:57.831  2279  2378 E PERFHAL-OPTSHANDLER: PERFHAL-OPTSHANDLER: unsupported() 942: Error: This resource is not supported
04-22 12:57:57.831  2279  2378 E PERFHAL-RESOURCEQS: PERFHAL-RESOURCEQS: RemoveAndApply() 292: Failed to reset optimization here [18, 1]
04-22 12:57:57.831  2279  2378 E PERFHAL-OPTSHANDLER: PERFHAL-OPTSHANDLER: unsupported() 942: Error: This resource is not supported
04-22 12:57:57.831  2279  2378 E PERFHAL-RESOURCEQS: PERFHAL-RESOURCEQS: RemoveAndApply() 292: Failed to reset optimization here [18, 0]
04-22 12:57:57.832  2279  2378 E PERFHAL-RESOURCEQS: PERFHAL-RESOURCEQS: AddAndApply() 130: Resource with major=18, minor=0 not supported
04-22 12:57:57.832  2279  2378 E PERFHAL-RESOURCEQS: PERFHAL-RESOURCEQS: AddAndApply() 130: Resource with major=18, minor=1 not supported
04-22 12:57:57.833  1321  5866 E SmcInvoke_MinkDescriptor: mem obj with id :19 not found in list
04-22 12:57:57.854  1321  5866 E SmcInvoke_MinkDescriptor: mem obj with id :19 not found in list
04-22 12:57:57.875  1321  5866 E SmcInvoke_MinkDescriptor: mem obj with id :19 not found in list
04-22 12:57:57.888  1321  5866 E SmcInvoke_MinkDescriptor: Invalid handle 19
04-22 12:57:57.895  1109  1109 E lowmemorykiller: device memory 1178902 free 91508 file 1136508
04-22 12:57:57.922  5824  5824 E [OPLUS_AFS_CONFIG]: Failed to open AFS config file: /proc/oplus_afs_config/afs_config
04-22 12:57:57.922  5824  5824 E AFS_CONFIG: Failed to get scene config
04-22 12:57:57.922  5824  5824 E OplusAfsManager: afsConfigSceneConfigGet sceneType is null
04-22 12:57:57.925  5824  5824 E IJankManager: latencySceneEnd unknown scene 2 mScene:-1
04-22 12:57:57.939  2279  2378 E PERFHAL-OPTSHANDLER: PERFHAL-OPTSHANDLER: unsupported() 942: Error: This resource is not supported
04-22 12:57:57.939  2279  2378 E PERFHAL-RESOURCEQS: PERFHAL-RESOURCEQS: RemoveAndApply() 292: Failed to reset optimization here [18, 1]
04-22 12:57:57.939  2279  2378 E PERFHAL-OPTSHANDLER: PERFHAL-OPTSHANDLER: unsupported() 942: Error: This resource is not supported
04-22 12:57:57.939  2279  2378 E PERFHAL-RESOURCEQS: PERFHAL-RESOURCEQS: RemoveAndApply() 292: Failed to reset optimization here [18, 0]
04-22 12:57:57.995  1109  1109 E lowmemorykiller: device memory 1181760 free 88333 file 1136544
04-22 12:57:58.095  1109  1109 E lowmemorykiller: device memory 1181569 free 88141 file 1136542
04-22 12:57:58.296  1109  1109 E lowmemorykiller: device memory 1181522 free 88018 file 1136553
04-22 12:57:58.395  2805  2901 E QmiVsClient: sendAsyncRequest QMI_VS_SET_SYNC_WITH_AP_REQ_MSG_V01 ret 0
04-22 12:57:58.396  5606  6489 E AMC     : [P-ooslimited_deep/0] execute failed in triggers[0]:[nwsrcht:0][nwsrcht:0]
04-22 12:57:58.396  5606  6489 E AMC     : [P-ooslimited_deep/1] execute failed in triggers[0]:[nwsrcht:0][nwsrcht:0]
04-22 12:57:58.396  5606  6489 E AMC     : [P-idle_cs_ps_change/0] execute failed in triggers[0]:[cschgc:0][cschgc:0, pschgc:0]
04-22 12:57:58.396  5606  6489 E AMC     : [P-idle_cs_ps_change/0] execute failed mult in triggers!
04-22 12:57:58.396  5606  6489 E AMC     : [P-idle_cs_ps_change/1] execute failed in triggers[0]:[cschgc:0][cschgc:0, pschgc:0]
04-22 12:57:58.396  5606  6489 E AMC     : [P-idle_cs_ps_change/1] execute failed in triggers[1]:[cschgc:0][psnoregt:0, csnoregt:0]
04-22 12:57:58.396  5606  6489 E AMC     : [P-idle_cs_ps_change/1] execute failed mult in triggers!
04-22 12:57:58.396  5606  6489 E AMC     : [sleept] failed to match threshold due to invalid du:1800000 value du:1411000 gap:0
04-22 12:57:58.396  5606  6489 E AMC     : [P-mpss_reset/0] execute failed in triggers[0]:[sleept:2][sleept:621]
04-22 12:57:58.396  5606  6489 E AMC     : [sleept] failed to match threshold due to invalid du:1800000 value du:1411000 gap:0
04-22 12:57:58.396  5606  6489 E AMC     : [P-mpss_reset/1] execute failed in triggers[0]:[sleept:2][sleept:621]
04-22 12:57:58.396  5606  6489 E AMC     : [sleept] failed to match threshold due to invalid du:1800000 value du:1411000 gap:0
04-22 12:57:58.396  5606  6489 E AMC     : [P-pidnetdisable_recovery] execute failed in triggers[0]:[sleept:2][sleept:621, pidnetdisable:null]
04-22 12:57:58.396  5606  6489 E AMC     : [P-standby_5gbackoff/0] failed to execute check triggers, non active subId!
04-22 12:57:58.398  5606  6489 E AMC     : [P-standby_5gbackoff/1] execute failed check triggers[0]:[sleept:2][inactive:null, charge:true, screen:true]
04-22 12:57:58.398  5606  6489 E AMC     : [P-qc_oos_qrxlv/0] failed to execute check triggers, non active subId!
04-22 12:57:58.399  5606  6489 E AMC     : [P-qc_oos_qrxlv/1] execute failed check triggers[0]:[sleept:2][deepsleep:false, csnoregt:0, screen:true]
04-22 12:57:58.399  5606  6489 E AMC     : [P-idle_cs_ps_change/0] execute failed in triggers[0]:[psnoregt:18][cschgc:0, pschgc:0]
04-22 12:57:58.399  5606  6489 E AMC     : [P-idle_cs_ps_change/0] execute failed mult in triggers!
04-22 12:57:58.399  5606  6489 E AMC     : [P-idle_cs_ps_change/1] execute failed in triggers[0]:[psnoregt:0][cschgc:0, pschgc:0]
04-22 12:57:58.399  5606  6489 E AMC     : [P-idle_cs_ps_change/1] execute failed in triggers[1]:[psnoregt:0][psnoregt:0, csnoregt:0]
04-22 12:57:58.399  5606  6489 E AMC     : [P-idle_cs_ps_change/1] execute failed mult in triggers!
04-22 12:57:58.399  5606  6489 E AMC     : [P-idle_cs_ps_change/0] execute failed in triggers[0]:[pschgc:0][cschgc:0, pschgc:0]
04-22 12:57:58.399  5606  6489 E AMC     : [P-idle_cs_ps_change/0] execute failed mult in triggers!
04-22 12:57:58.399  5606  6489 E AMC     : [P-idle_cs_ps_change/1] execute failed in triggers[0]:[pschgc:0][cschgc:0, pschgc:0]
04-22 12:57:58.399  5606  6489 E AMC     : [P-idle_cs_ps_change/1] execute failed in triggers[1]:[pschgc:0][psnoregt:0, csnoregt:0]
04-22 12:57:58.399  5606  6489 E AMC     : [P-idle_cs_ps_change/1] execute failed mult in triggers!
04-22 12:57:58.399  5606  6489 E AMC     : [P-idle_cs_ps_change/0] execute failed in triggers[0]:[csnoregt:18][cschgc:0, pschgc:0]
04-22 12:57:58.399  5606  6489 E AMC     : [P-idle_cs_ps_change/0] execute failed mult in triggers!
04-22 12:57:58.399  5606  6489 E AMC     : [P-qc_oos_qrxlv/0] failed to execute check triggers, non active subId!
04-22 12:57:58.399  5606  6489 E AMC     : [P-idle_cs_ps_change/1] execute failed in triggers[0]:[csnoregt:0][cschgc:0, pschgc:0]
04-22 12:57:58.399  5606  6489 E AMC     : [P-idle_cs_ps_change/1] execute failed in triggers[1]:[csnoregt:0][psnoregt:0, csnoregt:0]
04-22 12:57:58.399  5606  6489 E AMC     : [P-idle_cs_ps_change/1] execute failed mult in triggers!
04-22 12:57:58.399  5606  6489 E AMC     : [P-qc_oos_qrxlv/1] execute failed check triggers[0]:[csnoregt:0][deepsleep:false, csnoregt:0, screen:true]
04-22 12:57:58.460  3796 19150 E OplusStorageUFSBandwidth: storage_io_metrics_path is /proc/oplus_storage/io_metrics/forever/
04-22 12:57:58.460  3796 19150 E OplusStorageUFSBandwidth: Bandwidth - Read: 57,50 MB/s, Write: 1,50 MB/s
04-22 12:57:58.460  3796 19150 E OplusStorageUFSBandwidth: Task time: 0ms
04-22 12:57:58.460  3796 19150 E OplusStorageUFSBandwidth: Alarm set to trigger in 10 seconds
04-22 12:57:58.496  1109  1109 E lowmemorykiller: device memory 1181558 free 87773 file 1136834
04-22 12:57:58.500  1321  5866 E SmcInvoke_MinkDescriptor: mem obj with id :19 not found in list
04-22 12:57:58.596  1109  1109 E lowmemorykiller: device memory 1180661 free 85568 file 1138142
04-22 12:57:58.718  2268  2556 E SDM     : DRMConnector::Perform: Connector 70: Setting Qsync min fps 8388796
04-22 12:57:58.743  2268  2556 E SDM     : DRMConnector::Perform: Connector 70: Setting Qsync min fps 8388737
04-22 12:57:59.023  3796  5892 E OplusInputManagerService_jni: updateInvalidRegion start!!!
04-22 12:57:59.023  3796  5892 E InputDispatcherExtImpl: rectF left: 0.000000, top: 2695.000000, right: 1272.000000, bottom: 2772.000000 offset_left: 0.000000, offset_top: -91.000000, offset_right: 0.000000, offset_bottom: 0.000000, isClosedRegion:0
04-22 12:57:59.023  3796  4722 E OplusInputManagerService_jni: updateInvalidRegion start!!!
04-22 12:57:59.023  3796  4722 E OplusInputManagerService_jni: updateInvalidRegion start!!!
04-22 12:57:59.137 23184 23321 E msys    : E[N mns:DGWClient]_OnDiskCacheGetData(1175)=>Start post callback cache refresh DNS resolution
04-22 12:57:59.144 23184 23321 E msys    : E[N mns:DGWClient]_LogError(295)=>Failed to resolve using system DNS resolver, getaddrinfo(): No address associated with hostname
04-22 12:57:59.144 23184 23321 E msys    : E[N mns:DGWClient]_OnDiskCacheGetData(1175)=>Start post callback cache refresh DNS resolution
04-22 12:57:59.145 23184 23321 E msys    : E[N mns:DGWClient]_LogError(295)=>Failed to resolve using system DNS resolver, getaddrinfo(): No address associated with hostname
04-22 12:58:00.086 23184 23321 E msys    : E[N mns:DGWClient]_OnDiskCacheGetData(1175)=>Start post callback cache refresh DNS resolution
04-22 12:58:00.093 23184 23321 E msys    : E[N mns:DGWClient]_LogError(295)=>Failed to resolve using system DNS resolver, getaddrinfo(): No address associated with hostname
04-22 12:58:00.442  3796  5892 E AppOps  : attributionTag OplusLBS not declared in manifest of android
04-22 12:58:00.460  3796 19150 E OplusStorageUFSBandwidth: storage_io_metrics_path is /proc/oplus_storage/io_metrics/forever/
04-22 12:58:00.461  3796 19150 E OplusStorageUFSBandwidth: Bandwidth - Read: 2,50 MB/s, Write: 0,50 MB/s
04-22 12:58:00.461  3796 19150 E OplusStorageUFSBandwidth: Task time: 1ms
04-22 12:58:00.462  3796 19150 E OplusStorageUFSBandwidth: Alarm set to trigger in 10 seconds
04-22 12:58:00.609 23184 23321 E msys    : E[N mns:DGWClient]_OnDiskCacheGetData(1175)=>Start post callback cache refresh DNS resolution
04-22 12:58:00.615 23184 23321 E msys    : E[N mns:DGWClient]_LogError(295)=>Failed to resolve using system DNS resolver, getaddrinfo(): No address associated with hostname
04-22 12:58:01.519  1321  5866 E SmcInvoke_MinkDescriptor: mem obj with id :19 not found in list
04-22 12:58:02.038  2725  2725 E perfetto: ng_service_impl.cc:3788 Unable to read ro.boot.hardware.revision
04-22 12:58:02.038  2725  2725 E perfetto: ng_service_impl.cc:3795 Unable to read ro.boot.hardware.ufs
04-22 12:58:02.038  2725  2725 E perfetto: ng_service_impl.cc:3802 Unable to read ro.boot.hardware.ddr
04-22 12:58:02.455  7149  7261 E horae   : 0: back:30223,back_1:30648,frame:30274,frame_1:29805,frame_2:29492,front:30623,front_1:31680, 2, +(1982), 1 ,30300,33489,34621,30340,33343,34097,30300,33499,34717,30340,33287,33970,30300,33513,34971,30435,33321,34040,30400,33662,35084,30571,33680,34599, target_temp:31680, algo:0
04-22 12:58:02.462  3796 19150 E OplusStorageUFSBandwidth: storage_io_metrics_path is /proc/oplus_storage/io_metrics/forever/
04-22 12:58:02.463  3796 19150 E OplusStorageUFSBandwidth: Bandwidth - Read: 0,00 MB/s, Write: 0,00 MB/s
04-22 12:58:02.463  3796 19150 E OplusStorageUFSBandwidth: Task time: 1ms
04-22 12:58:02.464  3796 19150 E OplusStorageUFSBandwidth: Alarm set to trigger in 10 seconds
04-22 12:58:04.464  3796 19150 E OplusStorageUFSBandwidth: storage_io_metrics_path is /proc/oplus_storage/io_metrics/forever/
04-22 12:58:04.464  3796 19150 E OplusStorageUFSBandwidth: Bandwidth - Read: 2,00 MB/s, Write: 0,00 MB/s
04-22 12:58:04.464  3796 19150 E OplusStorageUFSBandwidth: Task time: 1ms
04-22 12:58:04.467  3796 19150 E OplusStorageUFSBandwidth: Alarm set to trigger in 10 seconds
04-22 12:58:06.346 23184 23321 E msys    : E[N mns:DGWClient]_OnDiskCacheGetData(1175)=>Start post callback cache refresh DNS resolution
04-22 12:58:06.348 23184 23321 E msys    : E[N mns:DGWClient]_LogError(295)=>Failed to resolve using system DNS resolver, getaddrinfo(): No address associated with hostname
04-22 12:58:06.348 23184 23321 E msys    : E[N mns:DGWClient]_OnDiskCacheGetData(1175)=>Start post callback cache refresh DNS resolution
04-22 12:58:06.349 23184 23321 E msys    : E[N mns:DGWClient]_LogError(295)=>Failed to resolve using system DNS resolver, getaddrinfo(): No address associated with hostname
04-22 12:58:06.465  3796 19150 E OplusStorageUFSBandwidth: storage_io_metrics_path is /proc/oplus_storage/io_metrics/forever/
04-22 12:58:06.466  3796 19150 E OplusStorageUFSBandwidth: Bandwidth - Read: 12,49 MB/s, Write: 0,50 MB/s
04-22 12:58:06.466  3796 19150 E OplusStorageUFSBandwidth: Task time: 1ms
04-22 12:58:06.467  3796 19150 E OplusStorageUFSBandwidth: Alarm set to trigger in 10 seconds
04-22 12:58:07.281 23184 23321 E msys    : E[N mns:DGWClient]_OnDiskCacheGetData(1175)=>Start post callback cache refresh DNS resolution
04-22 12:58:07.287 23184 23321 E msys    : E[N mns:DGWClient]_LogError(295)=>Failed to resolve using system DNS resolver, getaddrinfo(): No address associated with hostname
04-22 12:58:07.421 29924 30038 E GoogleApiManager: Failed to get service from broker.
04-22 12:58:07.421 29924 30038 E GoogleApiManager: java.lang.SecurityException: Unknown calling package name 'com.google.android.gms'.
04-22 12:58:07.421 29924 30038 E GoogleApiManager:      at android.os.Parcel.createExceptionOrNull(Parcel.java:3369)
04-22 12:58:07.421 29924 30038 E GoogleApiManager:      at android.os.Parcel.createException(Parcel.java:3353)
04-22 12:58:07.421 29924 30038 E GoogleApiManager:      at android.os.Parcel.readException(Parcel.java:3336)
04-22 12:58:07.421 29924 30038 E GoogleApiManager:      at android.os.Parcel.readException(Parcel.java:3278)
04-22 12:58:07.421 29924 30038 E GoogleApiManager:      at bisg.a(:com.google.android.gms@261332035@26.13.32 (260400-895912391):36)
04-22 12:58:07.421 29924 30038 E GoogleApiManager:      at biqh.z(:com.google.android.gms@261332035@26.13.32 (260400-895912391):143)
04-22 12:58:07.421 29924 30038 E GoogleApiManager:      at bhwi.run(:com.google.android.gms@261332035@26.13.32 (260400-895912391):42)
04-22 12:58:07.421 29924 30038 E GoogleApiManager:      at android.os.Handler.handleCallback(Handler.java:1027)
04-22 12:58:07.421 29924 30038 E GoogleApiManager:      at android.os.Handler.dispatchMessage(Handler.java:108)
04-22 12:58:07.421 29924 30038 E GoogleApiManager:      at cyil.mp(:com.google.android.gms@261332035@26.13.32 (260400-895912391):1)
04-22 12:58:07.421 29924 30038 E GoogleApiManager:      at cyil.dispatchMessage(:com.google.android.gms@261332035@26.13.32 (260400-895912391):5)
04-22 12:58:07.421 29924 30038 E GoogleApiManager:      at android.os.Looper.loopOnce(Looper.java:298)
04-22 12:58:07.421 29924 30038 E GoogleApiManager:      at android.os.Looper.loop(Looper.java:408)
04-22 12:58:07.421 29924 30038 E GoogleApiManager:      at android.os.HandlerThread.run(HandlerThread.java:85)
04-22 12:58:07.621 23184 23321 E msys    : E[N mns:DGWClient]_OnDiskCacheGetData(1175)=>Start post callback cache refresh DNS resolution
04-22 12:58:07.627 23184 23321 E msys    : E[N mns:DGWClient]_LogError(295)=>Failed to resolve using system DNS resolver, getaddrinfo(): No address associated with hostname
04-22 12:58:08.467  3796 19150 E OplusStorageUFSBandwidth: storage_io_metrics_path is /proc/oplus_storage/io_metrics/forever/
04-22 12:58:08.467  3796 19150 E OplusStorageUFSBandwidth: Bandwidth - Read: 1,00 MB/s, Write: 0,50 MB/s
04-22 12:58:08.468  3796 19150 E OplusStorageUFSBandwidth: Task time: 1ms
04-22 12:58:08.471  3796 19150 E OplusStorageUFSBandwidth: Alarm set to trigger in 10 seconds
04-22 12:58:08.726  2279  2378 E PERFHAL-OPTSHANDLER: PERFHAL-OPTSHANDLER: unsupported() 942: Error: This resource is not supported
04-22 12:58:08.726  2279  2378 E PERFHAL-RESOURCEQS: PERFHAL-RESOURCEQS: RemoveAndApply() 292: Failed to reset optimization here [18, 41]
04-22 12:58:08.728  2279  2378 E PERFHAL-RESOURCEQS: PERFHAL-RESOURCEQS: AddAndApply() 130: Resource with major=18, minor=41 not supported
04-22 12:58:10.469  3796 19150 E OplusStorageUFSBandwidth: storage_io_metrics_path is /proc/oplus_storage/io_metrics/forever/
04-22 12:58:10.469  3796 19150 E OplusStorageUFSBandwidth: Bandwidth - Read: 0,00 MB/s, Write: 0,00 MB/s
04-22 12:58:10.470  3796 19150 E OplusStorageUFSBandwidth: Task time: 1ms
04-22 12:58:10.471  3796 19150 E OplusStorageUFSBandwidth: Alarm set to trigger in 10 seconds
04-22 12:58:10.964 15112 15407 E msys    : E[N WA]_WAJMNSStreamImplOnMNSFailure(287)=>[LogLevel:I] WAJMNSStream/impl/callback/onMNSFailure/p=0xb4000075234ff180 (error=MNSTCPSocketReceive(): Received EOF)
04-22 12:58:10.965 15112 15407 E msys    : E[N WA]_WAJMNSStreamImplCreateConnectionReport(194)=>[LogLevel:I] WAJMNSStream/impl/report port=443, connectedIPVersion=6, resolvedIPAddressCount=2, dnsResolutionStartTimeMS=240631, dnsResolutionEndTimeMS=240632, dnsCacheHit=Yes, connectStartTimeMS=240632, connectEndTimeMS=240866, proxyConnectStartTimeMS=0, proxyConnectEndTimeMS=0
04-22 12:58:10.965 15112 15407 E msys    : E[N WA]_WAJMNSStreamImplUpdateStreamState(230)=>[LogLevel:I] WAJMNSStream/impl/state-changed/p=0xb4000075234ff180 (connected=>disconnected)
04-22 12:58:10.967 15112 15375 E msys    : E[N WA]WAJMNSStreamImplDisconnectSync(497)=>[LogLevel:W] WAJMNSStream/impl/disconnect/p=0xb4000075234ff180 (bytesSent=2515)(bytesRecv=7233)
04-22 12:58:12.471  3796 19150 E OplusStorageUFSBandwidth: storage_io_metrics_path is /proc/oplus_storage/io_metrics/forever/
04-22 12:58:12.472  3796 19150 E OplusStorageUFSBandwidth: Bandwidth - Read: 2,50 MB/s, Write: 0,00 MB/s
04-22 12:58:12.472  3796 19150 E OplusStorageUFSBandwidth: Task time: 1ms
04-22 12:58:12.473  3796 19150 E OplusStorageUFSBandwidth: Alarm set to trigger in 10 seconds
04-22 12:58:13.557 23184 23321 E msys    : E[N mns:DGWClient]_OnDiskCacheGetData(1175)=>Start post callback cache refresh DNS resolution
04-22 12:58:13.563 23184 23321 E msys    : E[N mns:DGWClient]_LogError(295)=>Failed to resolve using system DNS resolver, getaddrinfo(): No address associated with hostname
04-22 12:58:13.564 23184 23321 E msys    : E[N mns:DGWClient]_OnDiskCacheGetData(1175)=>Start post callback cache refresh DNS resolution
04-22 12:58:13.566 23184 23321 E msys    : E[N mns:DGWClient]_LogError(295)=>Failed to resolve using system DNS resolver, getaddrinfo(): No address associated with hostname
04-22 12:58:13.802  2339  2376 E ChargerInfo: SingleHyperPath not found
04-22 12:58:14.429 23184 23321 E msys    : E[N mns:DGWClient]_OnDiskCacheGetData(1175)=>Start post callback cache refresh DNS resolution
04-22 12:58:14.435 23184 23321 E msys    : E[N mns:DGWClient]_LogError(295)=>Failed to resolve using system DNS resolver, getaddrinfo(): No address associated with hostname
04-22 12:58:14.473  3796 19150 E OplusStorageUFSBandwidth: storage_io_metrics_path is /proc/oplus_storage/io_metrics/forever/
04-22 12:58:14.473  3796 19150 E OplusStorageUFSBandwidth: Bandwidth - Read: 0,00 MB/s, Write: 0,00 MB/s
04-22 12:58:14.473  3796 19150 E OplusStorageUFSBandwidth: Task time: 0ms
04-22 12:58:14.475  3796 19150 E OplusStorageUFSBandwidth: Alarm set to trigger in 10 seconds
04-22 12:58:14.607 23184 23321 E msys    : E[N mns:DGWClient]_OnDiskCacheGetData(1175)=>Start post callback cache refresh DNS resolution
04-22 12:58:14.613 23184 23321 E msys    : E[N mns:DGWClient]_LogError(295)=>Failed to resolve using system DNS resolver, getaddrinfo(): No address associated with hostname
04-22 12:58:16.474  3796 19150 E OplusStorageUFSBandwidth: storage_io_metrics_path is /proc/oplus_storage/io_metrics/forever/
04-22 12:58:16.474  3796 19150 E OplusStorageUFSBandwidth: Bandwidth - Read: 0,50 MB/s, Write: 0,50 MB/s
04-22 12:58:16.474  3796 19150 E OplusStorageUFSBandwidth: Task time: 0ms
04-22 12:58:16.476  3796 19150 E OplusStorageUFSBandwidth: Alarm set to trigger in 10 seconds