04-22 12:57:43.669  1315  6157 E android.system.suspend-service: Error opening wakeup33/last_change_ms for wakeup33: Permission denied
04-22 12:57:43.669  1315  6157 E android.system.suspend-service: Error opening wakeup33/max_time_ms for wakeup33: Permission denied
04-22 12:57:43.669  1315  6157 E android.system.suspend-service: Error opening wakeup33/total_time_ms for wakeup33: Permission denied
04-22 12:57:43.669  1315  6157 E android.system.suspend-service: Error opening wakeup33/active_time_ms for wakeup33: Permission denied
04-22 12:57:43.669  1315  6157 E android.system.suspend-service: Error opening wakeup33/event_count for wakeup33: Permission denied
04-22 12:57:43.669  1315  6157 E android.system.suspend-service: Error opening wakeup33/expire_count for wakeup33: Permission denied
04-22 12:57:43.670  1315  6157 E android.system.suspend-service: Error opening wakeup33/prevent_suspend_time_ms for wakeup33: Permission denied
04-22 12:57:43.670  1315  6157 E android.system.suspend-service: Error opening wakeup33/wakeup_count for wakeup33: Permission denied
04-22 12:57:43.671  1315  6157 E android.system.suspend-service: Error opening wakeup41/name for wakeup41: Permission denied
04-22 12:57:43.671  1315  6157 E android.system.suspend-service: Error opening wakeup41/active_count for wakeup41: Permission denied
04-22 12:57:43.671  1315  6157 E android.system.suspend-service: Error opening wakeup41/last_change_ms for wakeup41: Permission denied
04-22 12:57:43.671  1315  6157 E android.system.suspend-service: Error opening wakeup41/max_time_ms for wakeup41: Permission denied
04-22 12:57:43.671  1315  6157 E android.system.suspend-service: Error opening wakeup41/total_time_ms for wakeup41: Permission denied
04-22 12:57:43.671  1315  6157 E android.system.suspend-service: Error opening wakeup41/active_time_ms for wakeup41: Permission denied
04-22 12:57:43.672  1315  6157 E android.system.suspend-service: Error opening wakeup41/event_count for wakeup41: Permission denied
04-22 12:57:43.672  1315  6157 E android.system.suspend-service: Error opening wakeup41/expire_count for wakeup41: Permission denied
04-22 12:57:43.672  1315  6157 E android.system.suspend-service: Error opening wakeup41/prevent_suspend_time_ms for wakeup41: Permission denied
04-22 12:57:43.672  1315  6157 E android.system.suspend-service: Error opening wakeup41/wakeup_count for wakeup41: Permission denied
04-22 12:57:43.672  1315  6157 E android.system.suspend-service: Error opening wakeup6/name for wakeup6: Permission denied
04-22 12:57:43.672  1315  6157 E android.system.suspend-service: Error opening wakeup6/active_count for wakeup6: Permission denied
04-22 12:57:43.672  1315  6157 E android.system.suspend-service: Error opening wakeup6/last_change_ms for wakeup6: Permission denied
04-22 12:57:43.672  1315  6157 E android.system.suspend-service: Error opening wakeup6/max_time_ms for wakeup6: Permission denied
04-22 12:57:43.672  1315  6157 E android.system.suspend-service: Error opening wakeup6/total_time_ms for wakeup6: Permission denied
04-22 12:57:43.672  1315  6157 E android.system.suspend-service: Error opening wakeup6/active_time_ms for wakeup6: Permission denied
04-22 12:57:43.672  1315  6157 E android.system.suspend-service: Error opening wakeup6/event_count for wakeup6: Permission denied
04-22 12:57:43.673  1315  6157 E android.system.suspend-service: Error opening wakeup6/expire_count for wakeup6: Permission denied
04-22 12:57:43.673  1315  6157 E android.system.suspend-service: Error opening wakeup6/prevent_suspend_time_ms for wakeup6: Permission denied
04-22 12:57:43.673  1315  6157 E android.system.suspend-service: Error opening wakeup6/wakeup_count for wakeup6: Permission denied
04-22 12:57:43.706 24977 24992 E STANDBY_NETLINK: 32 bytes received.
04-22 12:57:43.706 24977 24992 E STANDBY_NETLINK: Message header: type=54 (0x36), len=32
04-22 12:57:43.706 24977 24992 E STANDBY_NETLINK: parse_netlink_msg_attrs: type: 2, value: Empty
04-22 12:57:43.706 24977 24992 E STANDBY_NETLINK: 32 bytes received.
04-22 12:57:43.706 24977 24992 E STANDBY_NETLINK: Message header: type=54 (0x36), len=32
04-22 12:57:43.706 24977 24992 E STANDBY_NETLINK: parse_netlink_msg_attrs: type: 4, value: Empty
04-22 12:57:43.726  2228  2228 E WifiHAL : handleResponse: OTHER_RX_MULTICAST_CNT not found
04-22 12:57:44.024 24977 24992 E SystemProperties: set ctl.stop failed
04-22 12:57:44.036  1321  5866 E SmcInvoke_MinkDescriptor: mem obj with id :19 not found in list
04-22 12:57:44.216  3796  4725 E OsenseCommonUtils: write /dev/memcg/memory.force_shrink_file failed
04-22 12:57:44.216  3796  4725 E OsenseCommonUtils: java.io.IOException: write failed: EBUSY (Device or resource busy)
04-22 12:57:44.216  3796  4725 E OsenseCommonUtils:     at libcore.io.IoBridge.write(IoBridge.java:651)
04-22 12:57:44.216  3796  4725 E OsenseCommonUtils:     at java.io.FileOutputStream.write(FileOutputStream.java:436)
04-22 12:57:44.216  3796  4725 E OsenseCommonUtils:     at sun.nio.cs.StreamEncoder.writeBytes(StreamEncoder.java:233)
04-22 12:57:44.216  3796  4725 E OsenseCommonUtils:     at sun.nio.cs.StreamEncoder.implFlushBuffer(StreamEncoder.java:309)
04-22 12:57:44.216  3796  4725 E OsenseCommonUtils:     at sun.nio.cs.StreamEncoder.implFlush(StreamEncoder.java:313)
04-22 12:57:44.216  3796  4725 E OsenseCommonUtils:     at sun.nio.cs.StreamEncoder.flush(StreamEncoder.java:153)
04-22 12:57:44.216  3796  4725 E OsenseCommonUtils:     at java.io.OutputStreamWriter.flush(OutputStreamWriter.java:248)
04-22 12:57:44.216  3796  4725 E OsenseCommonUtils:     at com.android.server.oplus.osense.utils.OsenseCommonUtils.writeFile(OsenseCommonUtils.java:154)
04-22 12:57:44.216  3796  4725 E OsenseCommonUtils:     at com.android.server.am.OplusOsenseCompressAction.doGlobalShrink(OplusOsenseCompressAction.java:1886)
04-22 12:57:44.216  3796  4725 E OsenseCommonUtils:     at com.android.server.am.OplusOsenseCompressAction.-$$Nest$mdoGlobalShrink(Unknown Source:0)
04-22 12:57:44.216  3796  4725 E OsenseCommonUtils:     at com.android.server.am.OplusOsenseCompressAction$CompressHandler.handleMessage(OplusOsenseCompressAction.java:1334)
04-22 12:57:44.216  3796  4725 E OsenseCommonUtils:     at android.os.Handler.dispatchMessage(Handler.java:115)
04-22 12:57:44.216  3796  4725 E OsenseCommonUtils:     at android.os.Looper.loopOnce(Looper.java:298)
04-22 12:57:44.216  3796  4725 E OsenseCommonUtils:     at android.os.Looper.loop(Looper.java:408)
04-22 12:57:44.216  3796  4725 E OsenseCommonUtils:     at android.os.HandlerThread.run(HandlerThread.java:85)
04-22 12:57:44.216  3796  4725 E OsenseCommonUtils: Caused by: android.system.ErrnoException: write failed: EBUSY (Device or resource busy)
04-22 12:57:44.216  3796  4725 E OsenseCommonUtils:     at libcore.io.Linux.writeBytes(Native Method)
04-22 12:57:44.216  3796  4725 E OsenseCommonUtils:     at libcore.io.Linux.write(Linux.java:338)
04-22 12:57:44.216  3796  4725 E OsenseCommonUtils:     at libcore.io.ForwardingOs.write(ForwardingOs.java:954)
04-22 12:57:44.216  3796  4725 E OsenseCommonUtils:     at libcore.io.BlockGuardOs.write(BlockGuardOs.java:448)
04-22 12:57:44.216  3796  4725 E OsenseCommonUtils:     at libcore.io.IoBridge.write(IoBridge.java:646)
04-22 12:57:44.216  3796  4725 E OsenseCommonUtils:     ... 14 more
04-22 12:57:44.451  3796 19150 E OplusStorageUFSBandwidth: storage_io_metrics_path is /proc/oplus_storage/io_metrics/forever/
04-22 12:57:44.451  3796 19150 E OplusStorageUFSBandwidth: Bandwidth - Read: 0,50 MB/s, Write: 0,00 MB/s
04-22 12:57:44.451  3796 19150 E OplusStorageUFSBandwidth: Task time: 0ms
04-22 12:57:44.453  3796 19150 E OplusStorageUFSBandwidth: Alarm set to trigger in 10 seconds
04-22 12:57:44.714 23184 23321 E msys    : E[N mns:DGWClient]_OnDiskCacheGetData(1175)=>Start post callback cache refresh DNS resolution
04-22 12:57:44.720 23184 23321 E msys    : E[N mns:DGWClient]_LogError(295)=>Failed to resolve using system DNS resolver, getaddrinfo(): No address associated with hostname
04-22 12:57:44.721 23184 23321 E msys    : E[N mns:DGWClient]_OnDiskCacheGetData(1175)=>Start post callback cache refresh DNS resolution
04-22 12:57:44.722 23184 23321 E msys    : E[N mns:DGWClient]_LogError(295)=>Failed to resolve using system DNS resolver, getaddrinfo(): No address associated with hostname
04-22 12:57:45.485  3796  5194 E LinkPower: [JudgeMonitorProcess] failed to deleteLastRecord, mMonitorRecordAccumulate is empty!
04-22 12:57:45.485  3796  5194 E LinkPower: [JudgeMonitorProcess] failed to deleteLastRecord, mMonitorRecordAccumulate is empty!
04-22 12:57:45.760 23184 23321 E msys    : E[N mns:DGWClient]_OnDiskCacheGetData(1175)=>Start post callback cache refresh DNS resolution
04-22 12:57:45.766 23184 23321 E msys    : E[N mns:DGWClient]_LogError(295)=>Failed to resolve using system DNS resolver, getaddrinfo(): No address associated with hostname
04-22 12:57:46.061  2268  2556 E SDM     : DRMConnector::Perform: Connector 70: Setting Qsync min fps 8388796
04-22 12:57:46.098  2268  2556 E SDM     : DRMConnector::Perform: Connector 70: Setting Qsync min fps 8388737
04-22 12:57:46.453  3796 19150 E OplusStorageUFSBandwidth: storage_io_metrics_path is /proc/oplus_storage/io_metrics/forever/
04-22 12:57:46.453  3796 19150 E OplusStorageUFSBandwidth: Bandwidth - Read: 0,50 MB/s, Write: 0,00 MB/s
04-22 12:57:46.453  3796 19150 E OplusStorageUFSBandwidth: Task time: 0ms
04-22 12:57:46.456  3796 19150 E OplusStorageUFSBandwidth: Alarm set to trigger in 10 seconds
04-22 12:57:46.898 23184 23321 E msys    : E[N mns:DGWClient]_OnDiskCacheGetData(1175)=>Start post callback cache refresh DNS resolution
04-22 12:57:46.904 23184 23321 E msys    : E[N mns:DGWClient]_LogError(295)=>Failed to resolve using system DNS resolver, getaddrinfo(): No address associated with hostname
04-22 12:57:48.454  3796 19150 E OplusStorageUFSBandwidth: storage_io_metrics_path is /proc/oplus_storage/io_metrics/forever/
04-22 12:57:48.454  3796 19150 E OplusStorageUFSBandwidth: Bandwidth - Read: 0,00 MB/s, Write: 0,00 MB/s
04-22 12:57:48.454  3796 19150 E OplusStorageUFSBandwidth: Task time: 0ms
04-22 12:57:48.456  3796 19150 E OplusStorageUFSBandwidth: Alarm set to trigger in 10 seconds
04-22 12:57:50.218  3796  4725 E OsenseCommonUtils: write /dev/memcg/memory.force_shrink_file failed
04-22 12:57:50.218  3796  4725 E OsenseCommonUtils: java.io.IOException: write failed: EBUSY (Device or resource busy)
04-22 12:57:50.218  3796  4725 E OsenseCommonUtils:     at libcore.io.IoBridge.write(IoBridge.java:651)
04-22 12:57:50.218  3796  4725 E OsenseCommonUtils:     at java.io.FileOutputStream.write(FileOutputStream.java:436)
04-22 12:57:50.218  3796  4725 E OsenseCommonUtils:     at sun.nio.cs.StreamEncoder.writeBytes(StreamEncoder.java:233)
04-22 12:57:50.218  3796  4725 E OsenseCommonUtils:     at sun.nio.cs.StreamEncoder.implFlushBuffer(StreamEncoder.java:309)
04-22 12:57:50.218  3796  4725 E OsenseCommonUtils:     at sun.nio.cs.StreamEncoder.implFlush(StreamEncoder.java:313)
04-22 12:57:50.218  3796  4725 E OsenseCommonUtils:     at sun.nio.cs.StreamEncoder.flush(StreamEncoder.java:153)
04-22 12:57:50.218  3796  4725 E OsenseCommonUtils:     at java.io.OutputStreamWriter.flush(OutputStreamWriter.java:248)
04-22 12:57:50.218  3796  4725 E OsenseCommonUtils:     at com.android.server.oplus.osense.utils.OsenseCommonUtils.writeFile(OsenseCommonUtils.java:154)
04-22 12:57:50.218  3796  4725 E OsenseCommonUtils:     at com.android.server.am.OplusOsenseCompressAction.doGlobalShrink(OplusOsenseCompressAction.java:1886)
04-22 12:57:50.218  3796  4725 E OsenseCommonUtils:     at com.android.server.am.OplusOsenseCompressAction.-$$Nest$mdoGlobalShrink(Unknown Source:0)
04-22 12:57:50.218  3796  4725 E OsenseCommonUtils:     at com.android.server.am.OplusOsenseCompressAction$CompressHandler.handleMessage(OplusOsenseCompressAction.java:1334)
04-22 12:57:50.218  3796  4725 E OsenseCommonUtils:     at android.os.Handler.dispatchMessage(Handler.java:115)
04-22 12:57:50.218  3796  4725 E OsenseCommonUtils:     at android.os.Looper.loopOnce(Looper.java:298)
04-22 12:57:50.218  3796  4725 E OsenseCommonUtils:     at android.os.Looper.loop(Looper.java:408)
04-22 12:57:50.218  3796  4725 E OsenseCommonUtils:     at android.os.HandlerThread.run(HandlerThread.java:85)
04-22 12:57:50.218  3796  4725 E OsenseCommonUtils: Caused by: android.system.ErrnoException: write failed: EBUSY (Device or resource busy)
04-22 12:57:50.218  3796  4725 E OsenseCommonUtils:     at libcore.io.Linux.writeBytes(Native Method)
04-22 12:57:50.218  3796  4725 E OsenseCommonUtils:     at libcore.io.Linux.write(Linux.java:338)
04-22 12:57:50.218  3796  4725 E OsenseCommonUtils:     at libcore.io.ForwardingOs.write(ForwardingOs.java:954)
04-22 12:57:50.218  3796  4725 E OsenseCommonUtils:     at libcore.io.BlockGuardOs.write(BlockGuardOs.java:448)
04-22 12:57:50.218  3796  4725 E OsenseCommonUtils:     at libcore.io.IoBridge.write(IoBridge.java:646)
04-22 12:57:50.218  3796  4725 E OsenseCommonUtils:     ... 14 more
04-22 12:57:50.455  3796 19150 E OplusStorageUFSBandwidth: storage_io_metrics_path is /proc/oplus_storage/io_metrics/forever/
04-22 12:57:50.456  3796 19150 E OplusStorageUFSBandwidth: Bandwidth - Read: 0,00 MB/s, Write: 0,50 MB/s
04-22 12:57:50.456  3796 19150 E OplusStorageUFSBandwidth: Task time: 1ms
04-22 12:57:50.458  3796 19150 E OplusStorageUFSBandwidth: Alarm set to trigger in 10 seconds
04-22 12:57:51.141  5824  5824 E IJankManager: slideSceneEnd unknown scene 1000 mScene:-1
04-22 12:57:51.142  2268  2556 E SDM     : DRMConnector::Perform: Connector 70: Setting Qsync min fps 8388856
04-22 12:57:51.149  5824  5824 E [OPLUS_AFS_CONFIG]: Failed to open AFS config file: /proc/oplus_afs_config/afs_config
04-22 12:57:51.149  5824  5824 E AFS_CONFIG: Failed to get scene config
04-22 12:57:51.149  5824  5824 E OplusAfsManager: afsConfigSceneConfigGet sceneType is null
04-22 12:57:51.175  2279  2469 E PERF_APPCLASSIFIER: PERF_APPCLASSIFIER: getData() 195: DBQuery failed for appName:com.android.launcher
04-22 12:57:51.176  2279  2430 E PERF_APPCLASSIFIER: PERF_APPCLASSIFIER: getData() 195: DBQuery failed for appName:com.android.launcher
04-22 12:57:51.176  2279  2430 E PERFHAL-BOOSTCONFIG: PERFHAL-BOOSTCONFIG: GetBoostConfig() 1872: Not able to fetch object
04-22 12:57:51.176  2279  2279 E PERF_APPCLASSIFIER: PERF_APPCLASSIFIER: getData() 195: DBQuery failed for appName:com.android.launcher
04-22 12:57:51.176  2279  2430 E PERF_APPCLASSIFIER: PERF_APPCLASSIFIER: getData() 195: DBQuery failed for appName:com.android.launcher
04-22 12:57:51.176  2279  2430 E PERFHAL-BOOSTCONFIG: PERFHAL-BOOSTCONFIG: GetBoostConfig() 1872: Not able to fetch object
04-22 12:57:51.181  5824  5824 E [OPLUS_AFS_CONFIG]: Failed to open AFS config file: /proc/oplus_afs_config/afs_config
04-22 12:57:51.181  5824  5824 E AFS_CONFIG: Failed to get scene config
04-22 12:57:51.181  5824  5824 E OplusAfsManager: afsConfigSceneConfigGet sceneType is null
04-22 12:57:51.186  2268  2556 E SDM     : DRMConnector::Perform: Connector 70: Setting Qsync min fps 8388737
04-22 12:57:51.188  5824  5824 E [OPLUS_AFS_CONFIG]: Failed to open AFS config file: /proc/oplus_afs_config/afs_config
04-22 12:57:51.188  5824  5824 E AFS_CONFIG: Failed to get scene config
04-22 12:57:51.188  5824  5824 E OplusAfsManager: afsConfigSceneConfigGet sceneType is null
04-22 12:57:51.210  2279  2279 E PERF_APPCLASSIFIER: PERF_APPCLASSIFIER: getData() 195: DBQuery failed for appName:com.android.launcher
04-22 12:57:51.210  2279  2430 E PERF_APPCLASSIFIER: PERF_APPCLASSIFIER: getData() 195: DBQuery failed for appName:com.android.launcher
04-22 12:57:51.210  2279  2430 E PERFHAL-BOOSTCONFIG: PERFHAL-BOOSTCONFIG: GetBoostConfig() 1872: Not able to fetch object
04-22 12:57:51.211  2279  2469 E PERF_APPCLASSIFIER: PERF_APPCLASSIFIER: getData() 195: DBQuery failed for appName:com.android.launcher
04-22 12:57:51.221  5824  5824 E [OPLUS_AFS_CONFIG]: Failed to open AFS config file: /proc/oplus_afs_config/afs_config
04-22 12:57:51.221  5824  5824 E AFS_CONFIG: Failed to get scene config
04-22 12:57:51.221  5824  5824 E OplusAfsManager: afsConfigSceneConfigGet sceneType is null
04-22 12:57:51.221  5824  5824 E OsenseResClient: osenseClrSceneAction: handle is illegal
04-22 12:57:51.222  5824  5824 E [OPLUS_AFS_CONFIG]: Failed to open AFS config file: /proc/oplus_afs_config/afs_config
04-22 12:57:51.222  5824  5824 E AFS_CONFIG: Failed to get scene config
04-22 12:57:51.222  5824  5824 E OplusAfsManager: afsConfigSceneConfigGet sceneType is null
04-22 12:57:51.454  5824  5824 E [OPLUS_AFS_CONFIG]: Failed to open AFS config file: /proc/oplus_afs_config/afs_config
04-22 12:57:51.454  5824  5824 E AFS_CONFIG: Failed to get scene config
04-22 12:57:51.454  5824  5824 E OplusAfsManager: afsConfigSceneConfigGet sceneType is null
04-22 12:57:51.473  2279  2469 E PERF_APPCLASSIFIER: PERF_APPCLASSIFIER: getData() 195: DBQuery failed for appName:com.android.launcher
04-22 12:57:51.473  2279  2430 E PERF_APPCLASSIFIER: PERF_APPCLASSIFIER: getData() 195: DBQuery failed for appName:com.android.launcher
04-22 12:57:51.473  2279  2430 E PERFHAL-BOOSTCONFIG: PERFHAL-BOOSTCONFIG: GetBoostConfig() 1872: Not able to fetch object
04-22 12:57:51.473  2279  2279 E PERF_APPCLASSIFIER: PERF_APPCLASSIFIER: getData() 195: DBQuery failed for appName:com.android.launcher
04-22 12:57:51.474  2279  2430 E PERF_APPCLASSIFIER: PERF_APPCLASSIFIER: getData() 195: DBQuery failed for appName:com.android.launcher
04-22 12:57:51.474  2279  2430 E PERFHAL-BOOSTCONFIG: PERFHAL-BOOSTCONFIG: GetBoostConfig() 1872: Not able to fetch object
04-22 12:57:51.480  5824  5824 E [OPLUS_AFS_CONFIG]: Failed to open AFS config file: /proc/oplus_afs_config/afs_config
04-22 12:57:51.480  5824  5824 E AFS_CONFIG: Failed to get scene config
04-22 12:57:51.480  5824  5824 E OplusAfsManager: afsConfigSceneConfigGet sceneType is null
04-22 12:57:51.491 22483 22505 E WeatherS_PrivacyStatementExport: isSupportExportPrivacyVersion metaData -> true
04-22 12:57:51.491 22483 22505 E WeatherS_PrivacyStatementExport: isAgreed1
04-22 12:57:51.515 22483 22505 E WeatherS_PrivacyStatementExport: isSupportExportPrivacyVersion metaData -> true
04-22 12:57:51.515 22483 22505 E WeatherS_PrivacyStatementExport: isAgreed1
04-22 12:57:51.521  5824  5824 E [OPLUS_AFS_CONFIG]: Failed to open AFS config file: /proc/oplus_afs_config/afs_config
04-22 12:57:51.521  5824  5824 E AFS_CONFIG: Failed to get scene config
04-22 12:57:51.521  5824  5824 E OplusAfsManager: afsConfigSceneConfigGet sceneType is null
04-22 12:57:51.521  5824  5824 E OsenseResClient: osenseClrSceneAction: handle is illegal
04-22 12:57:51.522  5824  5824 E [OPLUS_AFS_CONFIG]: Failed to open AFS config file: /proc/oplus_afs_config/afs_config
04-22 12:57:51.522  5824  5824 E AFS_CONFIG: Failed to get scene config
04-22 12:57:51.522  5824  5824 E OplusAfsManager: afsConfigSceneConfigGet sceneType is null
04-22 12:57:51.523  2279  2279 E PERF_APPCLASSIFIER: PERF_APPCLASSIFIER: getData() 195: DBQuery failed for appName:com.android.launcher
04-22 12:57:51.523  2279  2430 E PERF_APPCLASSIFIER: PERF_APPCLASSIFIER: getData() 195: DBQuery failed for appName:com.android.launcher
04-22 12:57:51.523  2279  2430 E PERFHAL-BOOSTCONFIG: PERFHAL-BOOSTCONFIG: GetBoostConfig() 1872: Not able to fetch object
04-22 12:57:51.523  2279  2279 E PERF_APPCLASSIFIER: PERF_APPCLASSIFIER: getData() 195: DBQuery failed for appName:com.android.launcher
04-22 12:57:51.549  2340  2340 E cryptoeng_hidl: process system_server have no permission calling cmd:10009.
04-22 12:57:51.560  2340  2340 E cryptoeng_hidl: process system_server have no permission calling cmd:10009.
04-22 12:57:51.734  5824  5824 E [OPLUS_AFS_CONFIG]: Failed to open AFS config file: /proc/oplus_afs_config/afs_config
04-22 12:57:51.734  5824  5824 E AFS_CONFIG: Failed to get scene config
04-22 12:57:51.734  5824  5824 E OplusAfsManager: afsConfigSceneConfigGet sceneType is null
04-22 12:57:51.764  5824  5824 E [OPLUS_AFS_CONFIG]: Failed to open AFS config file: /proc/oplus_afs_config/afs_config
04-22 12:57:51.764  5824  5824 E AFS_CONFIG: Failed to get scene config
04-22 12:57:51.764  5824  5824 E OplusAfsManager: afsConfigSceneConfigGet sceneType is null
04-22 12:57:51.771  2279  2279 E PERF_APPCLASSIFIER: PERF_APPCLASSIFIER: getData() 195: DBQuery failed for appName:com.android.launcher
04-22 12:57:51.771  2279  2430 E PERF_APPCLASSIFIER: PERF_APPCLASSIFIER: getData() 195: DBQuery failed for appName:com.android.launcher
04-22 12:57:51.771  2279  2430 E PERFHAL-BOOSTCONFIG: PERFHAL-BOOSTCONFIG: GetBoostConfig() 1872: Not able to fetch object
04-22 12:57:51.771  2279  2469 E PERF_APPCLASSIFIER: PERF_APPCLASSIFIER: getData() 195: DBQuery failed for appName:com.android.launcher
04-22 12:57:51.771  2279  2430 E PERF_APPCLASSIFIER: PERF_APPCLASSIFIER: getData() 195: DBQuery failed for appName:com.android.launcher
04-22 12:57:51.771  2279  2430 E PERFHAL-BOOSTCONFIG: PERFHAL-BOOSTCONFIG: GetBoostConfig() 1872: Not able to fetch object
04-22 12:57:51.788 22483 22505 E WeatherS_PrivacyStatementExport: isSupportExportPrivacyVersion metaData -> true
04-22 12:57:51.788 22483 22505 E WeatherS_PrivacyStatementExport: isAgreed1
04-22 12:57:51.789 22483 22505 E WeatherS_PrivacyStatementExport: isSupportExportPrivacyVersion metaData -> true
04-22 12:57:51.789 22483 22505 E WeatherS_PrivacyStatementExport: isAgreed1
04-22 12:57:51.792 22483 22505 E WeatherS_PrivacyStatementExport: isSupportExportPrivacyVersion metaData -> true
04-22 12:57:51.792 22483 22505 E WeatherS_PrivacyStatementExport: isAgreed1
04-22 12:57:51.795 22483 22505 E WeatherS_PrivacyStatementExport: isSupportExportPrivacyVersion metaData -> true
04-22 12:57:51.795 22483 22505 E WeatherS_PrivacyStatementExport: isAgreed1
04-22 12:57:51.800 22483 22505 E WeatherS_notifyUri: uri = content://com.oplusos.weather.service.provider.data/attent_city/59
04-22 12:57:51.810 22483 22505 E WeatherS_PrivacyStatementExport: isSupportExportPrivacyVersion metaData -> true
04-22 12:57:51.810 22483 22505 E WeatherS_PrivacyStatementExport: isAgreed1
04-22 12:57:51.810  2279  2279 E PERF_APPCLASSIFIER: PERF_APPCLASSIFIER: getData() 195: DBQuery failed for appName:com.android.launcher
04-22 12:57:51.810  2279  2430 E PERF_APPCLASSIFIER: PERF_APPCLASSIFIER: getData() 195: DBQuery failed for appName:com.android.launcher
04-22 12:57:51.810  2279  2430 E PERFHAL-BOOSTCONFIG: PERFHAL-BOOSTCONFIG: GetBoostConfig() 1872: Not able to fetch object
04-22 12:57:51.811 22483 22501 E WeatherS_PrivacyStatementExport: isSupportExportPrivacyVersion metaData -> true
04-22 12:57:51.811 22483 22501 E WeatherS_PrivacyStatementExport: isAgreed1
04-22 12:57:51.811  5824  5824 E [OPLUS_AFS_CONFIG]: Failed to open AFS config file: /proc/oplus_afs_config/afs_config
04-22 12:57:51.811  5824  5824 E AFS_CONFIG: Failed to get scene config
04-22 12:57:51.811  5824  5824 E OplusAfsManager: afsConfigSceneConfigGet sceneType is null
04-22 12:57:51.811  5824  5824 E OsenseResClient: osenseClrSceneAction: handle is illegal
04-22 12:57:51.811  2279  2279 E PERF_APPCLASSIFIER: PERF_APPCLASSIFIER: getData() 195: DBQuery failed for appName:com.android.launcher
04-22 12:57:51.812  5824  5824 E [OPLUS_AFS_CONFIG]: Failed to open AFS config file: /proc/oplus_afs_config/afs_config
04-22 12:57:51.812  5824  5824 E AFS_CONFIG: Failed to get scene config
04-22 12:57:51.812  5824  5824 E OplusAfsManager: afsConfigSceneConfigGet sceneType is null
04-22 12:57:51.814 22483 22505 E WeatherS_PrivacyStatementExport: isSupportExportPrivacyVersion metaData -> true
04-22 12:57:51.814 22483 22505 E WeatherS_PrivacyStatementExport: isAgreed1
04-22 12:57:51.814  5426  5426 E BigClock: BigClockImpl-->call: Not found protocol=setDualClockCityAndTimeZone
04-22 12:57:51.826 22483 22505 E WeatherS_PrivacyStatementExport: isSupportExportPrivacyVersion metaData -> true
04-22 12:57:51.826 22483 22505 E WeatherS_PrivacyStatementExport: isAgreed1
04-22 12:57:51.830 22435 22467 E Weather_ShortcutManager: AdviceLink:1
04-22 12:57:51.830 22435 22467 E Weather_ShortcutManager: AdviceLink 1:https://weather.com/en-us/forecast/allergy/l/08f889973305df820f5e9e305b7cbdeddd11ba597c5824821d223e63bcf2a22a?par=oppo_widget&datasource=1;null
04-22 12:57:51.831 22435 22467 E Weather_ShortcutManager: AdviceLink:2
04-22 12:57:51.831 22435 22467 E Weather_ShortcutManager: AdviceLink:3
04-22 12:57:51.831 22435 22467 E Weather_ShortcutManager: AdviceLink:4
04-22 12:57:51.831 22435 22467 E Weather_ShortcutManager: AdviceLink:5
04-22 12:57:51.831 22435 22467 E Weather_ShortcutManager: AdviceLink:6
04-22 12:57:51.831 22435 22467 E Weather_ShortcutManager: AdviceLink:7
04-22 12:57:51.831 22435 22467 E Weather_ShortcutManager: AdviceLink:8
04-22 12:57:51.868 22435 22461 E CardWidget.: get id by widget code has error For input string: "22222003410000011",[sdk:v2000004]
04-22 12:57:51.870 22435 22461 E CardWidget.: get id by widget code has error For input string: "22222003410000011",[sdk:v2000004]
04-22 12:57:51.873 22483 29823 E WeatherS_PrivacyStatementExport: isSupportExportPrivacyVersion metaData -> true
04-22 12:57:51.873 22483 29823 E WeatherS_PrivacyStatementExport: isAgreed1
04-22 12:57:51.898 22483 29823 E WeatherS_PrivacyStatementExport: isSupportExportPrivacyVersion metaData -> true
04-22 12:57:51.898 22483 29823 E WeatherS_PrivacyStatementExport: isAgreed1
04-22 12:57:51.898 22483 29823 E WeatherS_WeatherCommonServiceProxy: getLocationCityInfo
04-22 12:57:51.899 22483 29823 E WeatherS_WeatherCommonServiceProxy: getTimeZoneOfAttendCity
04-22 12:57:51.899 22483 29823 E WeatherS_WeatherCommonServiceProxy: getOneAttentCityWeatherInfoList
04-22 12:57:51.901 22483 29823 E WeatherS_WeatherCommonServiceProxy: getLocationCityAndUpdate  needUpdateWeatherInfo = false, isCallFromWeatherApp = false
04-22 12:57:51.901 22483 29827 E WeatherS_WeatherServiceVersionUtils: supportWeatherSendNotificationTime error
04-22 12:57:51.901 22483 29827 E WeatherS_WeatherServiceVersionUtils: android.content.pm.PackageManager$NameNotFoundException: com.coloros.weather2
04-22 12:57:51.901 22483 29827 E WeatherS_WeatherServiceVersionUtils:   at android.app.ApplicationPackageManager.getApplicationInfoAsUser(ApplicationPackageManager.java:564)
04-22 12:57:51.901 22483 29827 E WeatherS_WeatherServiceVersionUtils:   at android.app.ApplicationPackageManager.getApplicationInfo(ApplicationPackageManager.java:547)
04-22 12:57:51.901 22483 29827 E WeatherS_WeatherServiceVersionUtils:   at android.app.ApplicationPackageManager.getApplicationInfo(ApplicationPackageManager.java:541)
04-22 12:57:51.901 22483 29827 E WeatherS_WeatherServiceVersionUtils:   at com.oplus.weatherservicesdk.Utils.WeatherServiceVersionUtils.supportWeatherSendNotificationTime(Unknown Source:13)
04-22 12:57:51.901 22483 29827 E WeatherS_WeatherServiceVersionUtils:   at com.oplus.weather.notification.WeatherServiceNotificationManager.F(Unknown Source:44)
04-22 12:57:51.901 22483 29827 E WeatherS_WeatherServiceVersionUtils:   at com.oplus.weather.notification.WeatherServiceNotificationManager.k(Unknown Source:16)
04-22 12:57:51.901 22483 29827 E WeatherS_WeatherServiceVersionUtils:   at com.oplus.weather.notification.WeatherServiceNotificationManager.l(Unknown Source:19)
04-22 12:57:51.901 22483 29827 E WeatherS_WeatherServiceVersionUtils:   at com.oplus.weather.datasource.database.dao.WeatherCommonServiceInnerImpl.lambda$getLocationCityAndUpdate$6(Unknown Source:17)
04-22 12:57:51.901 22483 29827 E WeatherS_WeatherServiceVersionUtils:   at com.oplus.weather.datasource.database.dao.WeatherCommonServiceInnerImpl.f(Unknown Source:0)
04-22 12:57:51.901 22483 29827 E WeatherS_WeatherServiceVersionUtils:   at com.oplus.weather.datasource.database.dao.a.run(Unknown Source:4)
04-22 12:57:51.901 22483 29827 E WeatherS_WeatherServiceVersionUtils:   at java.util.concurrent.ThreadPoolExecutor.runWorker(ThreadPoolExecutor.java:1154)
04-22 12:57:51.901 22483 29827 E WeatherS_WeatherServiceVersionUtils:   at java.util.concurrent.ThreadPoolExecutor$Worker.run(ThreadPoolExecutor.java:652)
04-22 12:57:51.901 22483 29827 E WeatherS_WeatherServiceVersionUtils:   at java.lang.Thread.run(Thread.java:1564)
04-22 12:57:51.902 10423 12508 E UTrace.Sdk: error, errorCode: 96000013, errorInfo: factConfig.mProviders = [com.coloros.weather2, com.coloros.weather.service, com.test.metistest, com.oplus.autotest.debugger.helper, com.oplus.pantanal.tool, com.oplus.autotest.pantanaltest], callingPackage = net.oneplus.weather [7f0000011776855471878213922435|p_22435@506|p_10423_9fa3321@1|com.oplus.metis]
04-22 12:57:51.930 23184 23321 E msys    : E[N mns:DGWClient]_OnDiskCacheGetData(1175)=>Start post callback cache refresh DNS resolution
04-22 12:57:51.933 23184 23321 E msys    : E[N mns:DGWClient]_LogError(295)=>Failed to resolve using system DNS resolver, getaddrinfo(): No address associated with hostname
04-22 12:57:51.933 23184 23321 E msys    : E[N mns:DGWClient]_OnDiskCacheGetData(1175)=>Start post callback cache refresh DNS resolution
04-22 12:57:51.933 23184 23321 E msys    : E[N mns:DGWClient]_LogError(295)=>Failed to resolve using system DNS resolver, getaddrinfo(): No address associated with hostname
04-22 12:57:52.160  5824  5824 E [OPLUS_AFS_CONFIG]: Failed to open AFS config file: /proc/oplus_afs_config/afs_config
04-22 12:57:52.160  5824  5824 E AFS_CONFIG: Failed to get scene config
04-22 12:57:52.160  5824  5824 E OplusAfsManager: afsConfigSceneConfigGet sceneType is null
04-22 12:57:52.211  2279  2279 E PERF_APPCLASSIFIER: PERF_APPCLASSIFIER: getData() 195: DBQuery failed for appName:com.android.launcher
04-22 12:57:52.211  2279  2430 E PERF_APPCLASSIFIER: PERF_APPCLASSIFIER: getData() 195: DBQuery failed for appName:com.android.launcher
04-22 12:57:52.211  2279  2430 E PERFHAL-BOOSTCONFIG: PERFHAL-BOOSTCONFIG: GetBoostConfig() 1872: Not able to fetch object
04-22 12:57:52.211  2279  2469 E PERF_APPCLASSIFIER: PERF_APPCLASSIFIER: getData() 195: DBQuery failed for appName:com.android.launcher
04-22 12:57:52.211  2279  2430 E PERF_APPCLASSIFIER: PERF_APPCLASSIFIER: getData() 195: DBQuery failed for appName:com.android.launcher
04-22 12:57:52.211  2279  2430 E PERFHAL-BOOSTCONFIG: PERFHAL-BOOSTCONFIG: GetBoostConfig() 1872: Not able to fetch object
04-22 12:57:52.213  5824  5824 E [OPLUS_AFS_CONFIG]: Failed to open AFS config file: /proc/oplus_afs_config/afs_config
04-22 12:57:52.213  5824  5824 E AFS_CONFIG: Failed to get scene config
04-22 12:57:52.213  5824  5824 E OplusAfsManager: afsConfigSceneConfigGet sceneType is null
04-22 12:57:52.255  5824  5824 E [OPLUS_AFS_CONFIG]: Failed to open AFS config file: /proc/oplus_afs_config/afs_config
04-22 12:57:52.255  5824  5824 E AFS_CONFIG: Failed to get scene config
04-22 12:57:52.255  5824  5824 E OplusAfsManager: afsConfigSceneConfigGet sceneType is null
04-22 12:57:52.255  5824  5824 E OsenseResClient: osenseClrSceneAction: handle is illegal
04-22 12:57:52.255  2279  2279 E PERF_APPCLASSIFIER: PERF_APPCLASSIFIER: getData() 195: DBQuery failed for appName:com.android.launcher
04-22 12:57:52.256  2279  2430 E PERF_APPCLASSIFIER: PERF_APPCLASSIFIER: getData() 195: DBQuery failed for appName:com.android.launcher
04-22 12:57:52.256  2279  2430 E PERFHAL-BOOSTCONFIG: PERFHAL-BOOSTCONFIG: GetBoostConfig() 1872: Not able to fetch object
04-22 12:57:52.256  2279  2469 E PERF_APPCLASSIFIER: PERF_APPCLASSIFIER: getData() 195: DBQuery failed for appName:com.android.launcher
04-22 12:57:52.260  5824  5824 E [OPLUS_AFS_CONFIG]: Failed to open AFS config file: /proc/oplus_afs_config/afs_config
04-22 12:57:52.260  5824  5824 E AFS_CONFIG: Failed to get scene config
04-22 12:57:52.260  5824  5824 E OplusAfsManager: afsConfigSceneConfigGet sceneType is null
04-22 12:57:52.456  3796 19150 E OplusStorageUFSBandwidth: storage_io_metrics_path is /proc/oplus_storage/io_metrics/forever/
04-22 12:57:52.457  3796 19150 E OplusStorageUFSBandwidth: Bandwidth - Read: 13,49 MB/s, Write: 0,00 MB/s
04-22 12:57:52.458  3796 19150 E OplusStorageUFSBandwidth: Task time: 2ms
04-22 12:57:52.458  3796 19150 E OplusStorageUFSBandwidth: Alarm set to trigger in 10 seconds
04-22 12:57:52.618  5824  5824 E [OPLUS_AFS_CONFIG]: Failed to open AFS config file: /proc/oplus_afs_config/afs_config
04-22 12:57:52.618  5824  5824 E AFS_CONFIG: Failed to get scene config
04-22 12:57:52.618  5824  5824 E OplusAfsManager: afsConfigSceneConfigGet sceneType is null
04-22 12:57:52.737 23184 23321 E msys    : E[N mns:DGWClient]_OnDiskCacheGetData(1175)=>Start post callback cache refresh DNS resolution
04-22 12:57:52.742 23184 23321 E msys    : E[N mns:DGWClient]_LogError(295)=>Failed to resolve using system DNS resolver, getaddrinfo(): No address associated with hostname
04-22 12:57:52.776 23184 23321 E msys    : E[N mns:DGWClient]_OnDiskCacheGetData(1175)=>Start post callback cache refresh DNS resolution
04-22 12:57:52.780 23184 23321 E msys    : E[N mns:DGWClient]_LogError(295)=>Failed to resolve using system DNS resolver, getaddrinfo(): No address associated with hostname
04-22 12:57:53.266  2268  2556 E SDM     : DRMConnector::Perform: Connector 70: Setting Qsync min fps 8388796
04-22 12:57:53.306  2268  2556 E SDM     : DRMConnector::Perform: Connector 70: Setting Qsync min fps 8388737
04-22 12:57:54.458  3796 19150 E OplusStorageUFSBandwidth: storage_io_metrics_path is /proc/oplus_storage/io_metrics/forever/
04-22 12:57:54.459  3796 19150 E OplusStorageUFSBandwidth: Bandwidth - Read: 0,00 MB/s, Write: 2,00 MB/s
04-22 12:57:54.459  3796 19150 E OplusStorageUFSBandwidth: Task time: 1ms
04-22 12:57:54.461  3796 19150 E OplusStorageUFSBandwidth: Alarm set to trigger in 10 seconds
04-22 12:57:56.459  3796 19150 E OplusStorageUFSBandwidth: storage_io_metrics_path is /proc/oplus_storage/io_metrics/forever/
04-22 12:57:56.460  3796 19150 E OplusStorageUFSBandwidth: Bandwidth - Read: 0,00 MB/s, Write: 0,50 MB/s
04-22 12:57:56.460  3796 19150 E OplusStorageUFSBandwidth: Task time: 1ms
04-22 12:57:56.463  3796 19150 E OplusStorageUFSBandwidth: Alarm set to trigger in 10 seconds
04-22 12:57:56.945  5824  5824 E IJankManager: slideSceneEnd unknown scene 1000 mScene:-1
04-22 12:57:56.948  5824  5824 E [OPLUS_AFS_CONFIG]: Failed to open AFS config file: /proc/oplus_afs_config/afs_config
04-22 12:57:56.948  5824  5824 E AFS_CONFIG: Failed to get scene config
04-22 12:57:56.948  5824  5824 E OplusAfsManager: afsConfigSceneConfigGet sceneType is null
04-22 12:57:56.950  2268  2556 E SDM     : DRMConnector::Perform: Connector 70: Setting Qsync min fps 8388856
04-22 12:57:56.974  2268  2556 E SDM     : DRMConnector::Perform: Connector 70: Setting Qsync min fps 8388737
04-22 12:57:57.017  5824  5824 E [OPLUS_AFS_CONFIG]: Failed to open AFS config file: /proc/oplus_afs_config/afs_config
04-22 12:57:57.017  5824  5824 E AFS_CONFIG: Failed to get scene config
04-22 12:57:57.017  5824  5824 E OplusAfsManager: afsConfigSceneConfigGet sceneType is null
04-22 12:57:57.017  5824  5824 E [OPLUS_AFS_CONFIG]: Failed to open AFS config file: /proc/oplus_afs_config/afs_config
04-22 12:57:57.017  5824  5824 E AFS_CONFIG: Failed to get scene config
04-22 12:57:57.017  5824  5824 E OplusAfsManager: afsConfigSceneConfigGet sceneType is null
04-22 12:57:57.022  3796  5719 E OplusInputManagerService_jni: updateInvalidRegion start!!!
04-22 12:57:57.022  3796  5719 E InputDispatcherExtImpl: rectF left: 0.000000, top: 2695.000000, right: 1272.000000, bottom: 2772.000000 offset_left: 0.000000, offset_top: -91.000000, offset_right: 0.000000, offset_bottom: 0.000000, isClosedRegion:0
04-22 12:57:57.022  3796  5719 E OplusInputManagerService_jni: updateInvalidRegion start!!!
04-22 12:57:57.022  3796  5719 E OplusInputManagerService_jni: updateInvalidRegion start!!!
04-22 12:57:57.023  3796  5626 E OplusAppQuickStart_AppQuickStartController: notifyStartActivity intent:Intent { act=android.intent.action.MAIN cat=[android.intent.category.LAUNCHER] flg=0x10200000 xflg=0x4 cmp=com.bookheart.app/crc648d704d5615faec43.MainActivity bnds=[63,1188][353,1506] (has extras) }
04-22 12:57:57.044  2279  2430 E PERFHAL-CONFIG: PERFHAL-CONFIG: GetConfig() 508: Config S3TF undefined for this target
04-22 12:57:57.044  2279  2430 E PERFHAL-CONFIG: PERFHAL-CONFIG: GetConfig() 508: Config TFPS undefined for this target
04-22 12:57:57.044  2279  2430 E PERFHAL-BOOSTCONFIG: PERFHAL-BOOSTCONFIG: getQapeGamePowerOptConfig() 2025: Not able to fetch object
04-22 12:57:57.044  2279  2430 E PERFHAL-LLLITE: PERFHAL-LLLITE: CheckOngoingLaunchScenario() 199: mBoostedPkgName is empty!
04-22 12:57:57.045  2279  2279 E PERF_APPCLASSIFIER: PERF_APPCLASSIFIER: getData() 195: DBQuery failed for appName:com.android.launcher
04-22 12:57:57.045  2279  2469 E PERF_APPCLASSIFIER: PERF_APPCLASSIFIER: getData() 195: DBQuery failed for appName:com.android.launcher
04-22 12:57:57.047  3796  4166 E FlexibleWindowManagerService: notifyTaskObserverToAttachController not need to notify!
04-22 12:57:57.049  2279  2430 E PERFHAL-LLLITE: PERFHAL-LLLITE: CheckOngoingLaunchScenario() 199: mBoostedPkgName is empty!
04-22 12:57:57.054  5426  5499 E OplusBracketLog: [OplusViewMirrorManager] updateHostViewRootIfNeeded, not support android.view.ViewRootImpl@f10cac2
04-22 12:57:57.058  2279  2430 E PERFHAL-BOOSTCONFIG: PERFHAL-BOOSTCONFIG: GetBoostConfig() 1872: Not able to fetch object
04-22 12:57:57.064  3796  4166 E FlexibleWindowManagerService: notifyTaskObserverToAttachController not need to notify!
04-22 12:57:57.072 29888 29888 E m.bookheart.app: Unknown bits set in runtime_flags: 0x40000000
04-22 12:57:57.074  3796  4166 E OplusAppQuickStart_AppQuickStartController: scheduleHideStartingSurface addAfterPrepareSurface for:ActivityRecord{151699545 u0 com.bookheart.app/crc648d704d5615faec43.MainActivity
04-22 12:57:57.074  5824  5824 E [OPLUS_AFS_CONFIG]: Failed to open AFS config file: /proc/oplus_afs_config/afs_config
04-22 12:57:57.074  5824  5824 E AFS_CONFIG: Failed to get scene config
04-22 12:57:57.074  5824  5824 E OplusAfsManager: afsConfigSceneConfigGet sceneType is null
04-22 12:57:57.078  2279  2430 E PERFHAL-BOOSTCONFIG: PERFHAL-BOOSTCONFIG: GetBoostConfig() 1872: Not able to fetch object
04-22 12:57:57.078  2279  2430 E PERFHAL-BOOSTCONFIG: PERFHAL-BOOSTCONFIG: GetBoostConfig() 1872: Not able to fetch object
04-22 12:57:57.082 29903 29903 E kloadclassifier: Unknown bits set in runtime_flags: 0x40000000
04-22 12:57:57.084  3796  5901 E FlexibleWindowManagerService: notifyTaskObserverToAttachController not need to notify!
04-22 12:57:57.085  2279  2378 E PERFHAL-RESOURCEQS: PERFHAL-RESOURCEQS: AddAndApply() 130: Resource with major=18, minor=0 not supported
04-22 12:57:57.085  2279  2378 E PERFHAL-RESOURCEQS: PERFHAL-RESOURCEQS: AddAndApply() 130: Resource with major=18, minor=1 not supported
04-22 12:57:57.086  3796  4213 E OplusThermalStats: Error getting package info: com.bookheart.app
04-22 12:57:57.091 10423 11567 E metis_v2_JenaHandlerManager: local thread match
04-22 12:57:57.096 10423 11567 E metis_v2_JenaHandlerManager: local thread match
04-22 12:57:57.102 29903 29903 E OplusCustomizePackageManager: mIOplusCustomizePackageManagerService is null
04-22 12:57:57.102 29903 29903 E OplusCustomizePackageManager: mIOplusCustomizePackageManagerService is null
04-22 12:57:57.102 29903 29903 E OplusCustomizePackageManager: isOplusCertificatePackage Errorjava.lang.NullPointerException: Attempt to invoke interface method 'boolean android.os.customize.IOplusCustomizePackageManagerService.isOplusCertificatePackage(java.lang.String)' on a null object reference
04-22 12:57:57.112 29903 29903 E ANDR-PERF-CLIENT-SYS: death recipent object is fine
04-22 12:57:57.117 29924 29924 E ogle.android.gm: Unknown bits set in runtime_flags: 0x40000000
04-22 12:57:57.128 29903 29936 E ashmem  : Pinning is deprecated since Android Q. Please use trim or other methods.
04-22 12:57:57.133  2279  2430 E PERFHAL-BOOSTCONFIG: PERFHAL-BOOSTCONFIG: GetBoostConfig() 1872: Not able to fetch object
04-22 12:57:57.183  2279  2378 E PERFHAL-OPTSHANDLER: PERFHAL-OPTSHANDLER: unsupported() 942: Error: This resource is not supported
04-22 12:57:57.183  2279  2378 E PERFHAL-RESOURCEQS: PERFHAL-RESOURCEQS: RemoveAndApply() 292: Failed to reset optimization here [18, 1]
04-22 12:57:57.183  2279  2378 E PERFHAL-OPTSHANDLER: PERFHAL-OPTSHANDLER: unsupported() 942: Error: This resource is not supported
04-22 12:57:57.183  2279  2378 E PERFHAL-RESOURCEQS: PERFHAL-RESOURCEQS: RemoveAndApply() 292: Failed to reset optimization here [18, 0]
04-22 12:57:57.184  2279  2378 E PERFHAL-RESOURCEQS: PERFHAL-RESOURCEQS: AddAndApply() 130: Resource with major=18, minor=0 not supported
04-22 12:57:57.184  2279  2378 E PERFHAL-RESOURCEQS: PERFHAL-RESOURCEQS: AddAndApply() 130: Resource with major=18, minor=1 not supported
04-22 12:57:57.202 29888 29888 E FirebaseCrashlytics: .
04-22 12:57:57.202 29888 29888 E FirebaseCrashlytics: .     |  |
04-22 12:57:57.202 29888 29888 E FirebaseCrashlytics: .     |  |
04-22 12:57:57.202 29888 29888 E FirebaseCrashlytics: .     |  |
04-22 12:57:57.202 29888 29888 E FirebaseCrashlytics: .   \ |  | /
04-22 12:57:57.202 29888 29888 E FirebaseCrashlytics: .    \    /
04-22 12:57:57.202 29888 29888 E FirebaseCrashlytics: .     \  /
04-22 12:57:57.202 29888 29888 E FirebaseCrashlytics: .      \/
04-22 12:57:57.202 29888 29888 E FirebaseCrashlytics: .
04-22 12:57:57.202 29888 29888 E FirebaseCrashlytics: The Crashlytics build ID is missing. This occurs when the Crashlytics Gradle plugin is missing from your app's build configuration. Please review the Firebase Crashlytics onboarding instructions at https://firebase.google.com/docs/crashlytics/get-started?platform=android#add-plugin
04-22 12:57:57.202 29888 29888 E FirebaseCrashlytics: .
04-22 12:57:57.202 29888 29888 E FirebaseCrashlytics: .      /\
04-22 12:57:57.202 29888 29888 E FirebaseCrashlytics: .     /  \
04-22 12:57:57.202 29888 29888 E FirebaseCrashlytics: .    /    \
04-22 12:57:57.202 29888 29888 E FirebaseCrashlytics: .   / |  | \
04-22 12:57:57.202 29888 29888 E FirebaseCrashlytics: .     |  |
04-22 12:57:57.202 29888 29888 E FirebaseCrashlytics: .     |  |
04-22 12:57:57.202 29888 29888 E FirebaseCrashlytics: .     |  |
04-22 12:57:57.202 29888 29888 E FirebaseCrashlytics: .
--------- beginning of crash
04-22 12:57:57.202 29888 29888 E AndroidRuntime: FATAL EXCEPTION: main
04-22 12:57:57.202 29888 29888 E AndroidRuntime: Process: com.bookheart.app, PID: 29888
04-22 12:57:57.202 29888 29888 E AndroidRuntime: java.lang.RuntimeException: Unable to get provider com.google.firebase.provider.FirebaseInitProvider: java.lang.IllegalStateException: The Crashlytics build ID is missing. This occurs when the Crashlytics Gradle plugin is missing from your app's build configuration. Please review the Firebase Crashlytics onboarding instructions at https://firebase.google.com/docs/crashlytics/get-started?platform=android#add-plugin
04-22 12:57:57.202 29888 29888 E AndroidRuntime:        at android.app.ActivityThread.installProvider(ActivityThread.java:9477)
04-22 12:57:57.202 29888 29888 E AndroidRuntime:        at android.app.ActivityThread.installContentProviders(ActivityThread.java:8981)
04-22 12:57:57.202 29888 29888 E AndroidRuntime:        at android.app.ActivityThread.handleBindApplication(ActivityThread.java:8611)
04-22 12:57:57.202 29888 29888 E AndroidRuntime:        at android.app.ActivityThread.-$$Nest$mhandleBindApplication(Unknown Source:0)
04-22 12:57:57.202 29888 29888 E AndroidRuntime:        at android.app.ActivityThread$H.handleMessage(ActivityThread.java:2798)
04-22 12:57:57.202 29888 29888 E AndroidRuntime:        at android.os.Handler.dispatchMessage(Handler.java:115)
04-22 12:57:57.202 29888 29888 E AndroidRuntime:        at android.os.Looper.loopOnce(Looper.java:298)
04-22 12:57:57.202 29888 29888 E AndroidRuntime:        at android.os.Looper.loop(Looper.java:408)
04-22 12:57:57.202 29888 29888 E AndroidRuntime:        at android.app.ActivityThread.main(ActivityThread.java:9964)
04-22 12:57:57.202 29888 29888 E AndroidRuntime:        at java.lang.reflect.Method.invoke(Native Method)
04-22 12:57:57.202 29888 29888 E AndroidRuntime:        at com.android.internal.os.RuntimeInit$MethodAndArgsCaller.run(RuntimeInit.java:613)
04-22 12:57:57.202 29888 29888 E AndroidRuntime:        at com.android.internal.os.ZygoteInit.main(ZygoteInit.java:1074)
04-22 12:57:57.202 29888 29888 E AndroidRuntime: Caused by: java.lang.IllegalStateException: The Crashlytics build ID is missing. This occurs when the Crashlytics Gradle plugin is missing from your app's build configuration. Please review the Firebase Crashlytics onboarding instructions at https://firebase.google.com/docs/crashlytics/get-started?platform=android#add-plugin
04-22 12:57:57.202 29888 29888 E AndroidRuntime:        at com.google.firebase.crashlytics.internal.common.CrashlyticsCore.onPreExecute(CrashlyticsCore.java:145)
04-22 12:57:57.202 29888 29888 E AndroidRuntime:        at com.google.firebase.crashlytics.FirebaseCrashlytics.init(FirebaseCrashlytics.java:168)
04-22 12:57:57.202 29888 29888 E AndroidRuntime:        at com.google.firebase.crashlytics.CrashlyticsRegistrar.buildCrashlytics(CrashlyticsRegistrar.java:79)
04-22 12:57:57.202 29888 29888 E AndroidRuntime:        at com.google.firebase.crashlytics.CrashlyticsRegistrar.$r8$lambda$XFR966Xtld0zGICMasGRYAhWin4(CrashlyticsRegistrar.java:0)
04-22 12:57:57.202 29888 29888 E AndroidRuntime:        at com.google.firebase.crashlytics.CrashlyticsRegistrar$$ExternalSyntheticLambda0.create(R8$$SyntheticClass:0)
04-22 12:57:57.202 29888 29888 E AndroidRuntime:        at com.google.firebase.tracing.ComponentMonitor.$r8$lambda$VxUPTnF8OKnnbKKjQblzb1_PJuw(ComponentMonitor.java:38)
04-22 12:57:57.202 29888 29888 E AndroidRuntime:        at com.google.firebase.tracing.ComponentMonitor$$ExternalSyntheticLambda0.create(R8$$SyntheticClass:0)
04-22 12:57:57.202 29888 29888 E AndroidRuntime:        at com.google.firebase.components.ComponentRuntime.$r8$lambda$KkGLnATw7zawFxzXHI2bmfEwUaI(ComponentRuntime.java:160)
04-22 12:57:57.202 29888 29888 E AndroidRuntime:        at com.google.firebase.components.ComponentRuntime$$ExternalSyntheticLambda1.get(R8$$SyntheticClass:0)
04-22 12:57:57.202 29888 29888 E AndroidRuntime:        at com.google.firebase.components.Lazy.get(Lazy.java:53)
04-22 12:57:57.202 29888 29888 E AndroidRuntime:        at com.google.firebase.components.ComponentRuntime.doInitializeEagerComponents(ComponentRuntime.java:322)
04-22 12:57:57.202 29888 29888 E AndroidRuntime:        at com.google.firebase.components.ComponentRuntime.initializeEagerComponents(ComponentRuntime.java:312)
04-22 12:57:57.202 29888 29888 E AndroidRuntime:        at com.google.firebase.FirebaseApp.initializeAllApis(FirebaseApp.java:607)
04-22 12:57:57.202 29888 29888 E AndroidRuntime:        at com.google.firebase.FirebaseApp.initializeApp(FirebaseApp.java:300)
04-22 12:57:57.202 29888 29888 E AndroidRuntime:        at com.google.firebase.FirebaseApp.initializeApp(FirebaseApp.java:264)
04-22 12:57:57.202 29888 29888 E AndroidRuntime:        at com.google.firebase.FirebaseApp.initializeApp(FirebaseApp.java:249)
04-22 12:57:57.202 29888 29888 E AndroidRuntime:        at com.google.firebase.provider.FirebaseInitProvider.onCreate(FirebaseInitProvider.java:69)
04-22 12:57:57.202 29888 29888 E AndroidRuntime:        at android.content.ContentProvider.attachInfo(ContentProvider.java:2686)
04-22 12:57:57.202 29888 29888 E AndroidRuntime:        at android.content.ContentProvider.attachInfo(ContentProvider.java:2655)
04-22 12:57:57.202 29888 29888 E AndroidRuntime:        at com.google.firebase.provider.FirebaseInitProvider.attachInfo(FirebaseInitProvider.java:61)
04-22 12:57:57.202 29888 29888 E AndroidRuntime:        at android.app.ActivityThread.installProvider(ActivityThread.java:9472)
04-22 12:57:57.202 29888 29888 E AndroidRuntime:        ... 11 more
04-22 12:57:57.205 29888 29888 E monodroid-assembly: Could not load library '/data/app/~~RKBRVCiDKfJTMmYxvUdSzQ==/com.bookheart.app-0OIIDPwU_PlsFlHDbHlNTQ==/split_config.arm64_v8a.apk!/lib/arm64-v8a/liblog'. dlopen failed: library "/data/app/~~RKBRVCiDKfJTMmYxvUdSzQ==/com.bookheart.app-0OIIDPwU_PlsFlHDbHlNTQ==/split_config.arm64_v8a.apk!/lib/arm64-v8a/liblog" not found
04-22 12:57:57.205 29888 29888 E monodroid-assembly: Could not load library 'liblog'. dlopen failed: library "liblog" not found
04-22 12:57:57.215  2279  2430 E PERFHAL-CONFIG: PERFHAL-CONFIG: GetConfig() 508: Config TFPS undefined for this target
04-22 12:57:57.215  2279  2430 E PERF_APPCLASSIFIER: PERF_APPCLASSIFIER: getData() 195: DBQuery failed for appName:com.android.launcher
04-22 12:57:57.215  2279  2430 E PERF_APPCLASSIFIER: PERF_APPCLASSIFIER: getData() 195: DBQuery failed for appName:com.android.launcher
04-22 12:57:57.215  2279  2430 E PERF_APPCLASSIFIER: PERF_APPCLASSIFIER: getData() 195: DBQuery failed for appName:com.android.launcher
04-22 12:57:57.215  2279  2430 E PERF_APPCLASSIFIER: PERF_APPCLASSIFIER: getData() 195: DBQuery failed for appName:com.android.launcher
04-22 12:57:57.215  2279  2430 E PERFHAL-CONFIG: PERFHAL-CONFIG: GetConfig() 508: Config S3TF undefined for this target
04-22 12:57:57.215  2279  2430 E PERF_APPCLASSIFIER: PERF_APPCLASSIFIER: getData() 195: DBQuery failed for appName:com.android.launcher
04-22 12:57:57.215  2279  2430 E PERF_APPCLASSIFIER: PERF_APPCLASSIFIER: getData() 195: DBQuery failed for appName:com.android.launcher
04-22 12:57:57.215  2279  2430 E PERFHAL-CONFIG: PERFHAL-CONFIG: GetConfig() 508: Config TFPS undefined for this target
04-22 12:57:57.215  2279  2430 E PERF_APPCLASSIFIER: PERF_APPCLASSIFIER: getData() 195: DBQuery failed for appName:com.android.launcher
04-22 12:57:57.215  2279  2430 E PERFHAL-BOOSTCONFIG: PERFHAL-BOOSTCONFIG: getQapeGamePowerOptConfig() 2025: Not able to fetch object
