  Determining projects to restore...
  All projects are up-to-date for restore.
  BookLoggerApp.Core -> C:\Users\Tristan\source\repos\Tr1sma\BookLoggerApp\BookLoggerApp.Core\bin\Debug\net10.0\BookLoggerApp.Core.dll
  BookLoggerApp.Infrastructure -> C:\Users\Tristan\source\repos\Tr1sma\BookLoggerApp\BookLoggerApp.Infrastructure\bin\Debug\net10.0\BookLoggerApp.Infrastructure.dll
  BookLoggerApp.Tests -> C:\Users\Tristan\source\repos\Tr1sma\BookLoggerApp\BookLoggerApp.Tests\bin\Debug\net10.0\BookLoggerApp.Tests.dll
Test run for C:\Users\Tristan\source\repos\Tr1sma\BookLoggerApp\BookLoggerApp.Tests\bin\Debug\net10.0\BookLoggerApp.Tests.dll (.NETCoreApp,Version=v10.0)
VSTest version 18.0.1 (x64)

Starting test execution, please wait...
A total of 1 test files matched the specified pattern.
[xUnit.net 00:00:00.00] xUnit.net VSTest Adapter v2.8.2+699d445a1a (64-bit .NET 10.0.1)
[xUnit.net 00:00:00.07]   Discovering: BookLoggerApp.Tests
[xUnit.net 00:00:00.13]   Discovered:  BookLoggerApp.Tests
[xUnit.net 00:00:00.14]   Starting:    BookLoggerApp.Tests
[DEBUG] Source DB (Before Backup): C:\Users\Tristan\AppData\Local\Temp\BookLoggerTests_36059b93-8563-4f9e-8d52-0bed6c2ae221\Source\booklogger.db (4096 bytes)
[DEBUG] Backup Zip: C:\Users\Tristan\AppData\Local\Temp\BookLoggerTests_36059b93-8563-4f9e-8d52-0bed6c2ae221\Source\backups\booklogger_backup_20260106_011007.zip (313 bytes)
     Warning:
     The component "Fluent Assertions" is governed by the rules defined in the Xceed License Agreement and
     the Xceed Fluent Assertions Community License. You may use Fluent Assertions free of charge for
     non-commercial use only. An active subscription is required to use Fluent Assertions for commercial use.
     Please contact Xceed Sales mailto:sales@xceed.com to acquire a subscription at a very low cost.
     A paid commercial license supports the development and continued increasing support of
     Fluent Assertions users under both commercial and community licenses. Help us
     keep Fluent Assertions at the forefront of unit testing.
     For more information, visit https://xceed.com/products/unit-testing/fluent-assertions/
[DEBUG] Target DB (Before Restore): C:\Users\Tristan\AppData\Local\Temp\BookLoggerTests_36059b93-8563-4f9e-8d52-0bed6c2ae221\Target\booklogger.db (4096 bytes)
[DEBUG] Target DB (After Restore): C:\Users\Tristan\AppData\Local\Temp\BookLoggerTests_36059b93-8563-4f9e-8d52-0bed6c2ae221\Target\booklogger.db (4096 bytes)
[DEBUG] Books found in target: 0
dotnet : [xUnit.net 00:00:01.32]     BookLoggerApp.Tests.Integration.ImportExportServiceZipIntegrationTests.BackupAndRestore_ShouldPersistDbAndImages [FAIL]
At line:1 char:1
+ dotnet test BookLoggerApp.Tests/BookLoggerApp.Tests.csproj --filter " ...
+ ~~~~~~~~~~~~~~~~~~~~~~~~~~~~~~~~~~~~~~~~~~~~~~~~~~~~~~~~~~~~~~~~~~~~~
    + CategoryInfo          : NotSpecified: ([xUnit.net 00:0...ndImages [FAIL]:String) [], RemoteException
    + FullyQualifiedErrorId : NativeCommandError
 
[xUnit.net 00:00:01.32]       Expected books to contain 1 item(s), but found 0: {empty}.
[xUnit.net 00:00:01.32]       Stack Trace:
[xUnit.net 00:00:01.32]            at FluentAssertions.Execution.LateBoundTestFramework.Throw(String message)
[xUnit.net 00:00:01.32]            at FluentAssertions.Execution.DefaultAssertionStrategy.HandleFailure(String message)
[xUnit.net 00:00:01.32]            at FluentAssertions.Execution.AssertionScope.AddPreFormattedFailure(String formattedFailureMessage)
[xUnit.net 00:00:01.32]            at FluentAssertions.Execution.AssertionChain.FailWith(Func`1 getFailureReason)
[xUnit.net 00:00:01.32]            at FluentAssertions.Execution.AssertionChain.FailWith(Func`1 getFailureReason)
[xUnit.net 00:00:01.32]            at FluentAssertions.Execution.AssertionChain.FailWith(String message, Object[] args)
[xUnit.net 00:00:01.32]            at FluentAssertions.Collections.GenericCollectionAssertions`3.HaveCount(Int32 expected, String because, Object[] becauseArgs)
[xUnit.net 00:00:01.32]         C:\Users\Tristan\source\repos\Tr1sma\BookLoggerApp\BookLoggerApp.Tests\Integration\ImportExportServiceZipIntegrationTests.cs(138,0): at BookLoggerApp.Tests.Integration.ImportExportServiceZipIntegrationTests.BackupAndRestore_ShouldPersistDbAndImages()
[xUnit.net 00:00:01.32]         --- End of stack trace from previous location ---
[xUnit.net 00:00:01.32]   Finished:    BookLoggerApp.Tests
  Failed BookLoggerApp.Tests.Integration.ImportExportServiceZipIntegrationTests.BackupAndRestore_ShouldPersistDbAndImages [1 s]
  Error Message:
   Expected books to contain 1 item(s), but found 0: {empty}.
  Stack Trace:
     at FluentAssertions.Execution.LateBoundTestFramework.Throw(String message)
   at FluentAssertions.Execution.DefaultAssertionStrategy.HandleFailure(String message)
   at FluentAssertions.Execution.AssertionScope.AddPreFormattedFailure(String formattedFailureMessage)
   at FluentAssertions.Execution.AssertionChain.FailWith(Func`1 getFailureReason)
   at FluentAssertions.Execution.AssertionChain.FailWith(Func`1 getFailureReason)
   at FluentAssertions.Execution.AssertionChain.FailWith(String message, Object[] args)
   at FluentAssertions.Collections.GenericCollectionAssertions`3.HaveCount(Int32 expected, String because, Object[] becauseArgs)
   at BookLoggerApp.Tests.Integration.ImportExportServiceZipIntegrationTests.BackupAndRestore_ShouldPersistDbAndImages() in C:\Users\Tristan\source\repos\Tr1sma\BookLoggerApp\BookLoggerApp.Tests\Integration\ImportExportServiceZipIntegrationTests.cs:line 138
--- End of stack trace from previous location ---

Test Run Failed.
Total tests: 1
     Failed: 1
 Total time: 1.8083 Seconds
